<!doctype html public "-//w3c//dtd html 4.0 transitional//en">
<html><head>
<title>Static Call Graph - [..\output\mdk\llcc68.axf]</title></head>
<body><HR>
<H1>Static Call Graph for image ..\output\mdk\llcc68.axf</H1><HR>
<BR><P>#&#060CALLGRAPH&#062# ARM Linker, 6140002: Last Updated: Sun Apr  2 22:06:57 2023
<BR><P>
<H3>Maximum Stack Usage =        976 bytes + Unknown(Functions without stacksize, Cycles, Untraceable Function Pointers)</H3><H3>
Call chain for Maximum Stack Depth:</H3>
llcc68 &rArr; llcc68_register_test &rArr; llcc68_interface_debug_print &rArr; vsnprintf &rArr; _printf_char_common &rArr; __printf
<P>
<H3>
Functions with no stack information
</H3><UL>
 <LI><a href="#[d9]">__user_initial_stackheap</a>
</UL>
</UL>
<P>
<H3>
Mutually Recursive functions
</H3> <LI><a href="#[1c]">ADC_IRQHandler</a>&nbsp;&nbsp;&nbsp;&rArr;&nbsp;&nbsp;&nbsp;<a href="#[1c]">ADC_IRQHandler</a><BR>
 <LI><a href="#[4]">BusFault_Handler</a>&nbsp;&nbsp;&nbsp;&rArr;&nbsp;&nbsp;&nbsp;<a href="#[4]">BusFault_Handler</a><BR>
 <LI><a href="#[2]">HardFault_Handler</a>&nbsp;&nbsp;&nbsp;&rArr;&nbsp;&nbsp;&nbsp;<a href="#[2]">HardFault_Handler</a><BR>
 <LI><a href="#[3]">MemManage_Handler</a>&nbsp;&nbsp;&nbsp;&rArr;&nbsp;&nbsp;&nbsp;<a href="#[3]">MemManage_Handler</a><BR>
 <LI><a href="#[5]">UsageFault_Handler</a>&nbsp;&nbsp;&nbsp;&rArr;&nbsp;&nbsp;&nbsp;<a href="#[5]">UsageFault_Handler</a><BR>
</UL>
<P>
<H3>
Function Pointers
</H3><UL>
 <LI><a href="#[1c]">ADC_IRQHandler</a> from startup_stm32f407xx_mdk.o(.text) referenced from startup_stm32f407xx_mdk.o(RESET)
 <LI><a href="#[4]">BusFault_Handler</a> from stm32f4xx_it.o(.text.BusFault_Handler) referenced from startup_stm32f407xx_mdk.o(RESET)
 <LI><a href="#[1e]">CAN1_RX0_IRQHandler</a> from startup_stm32f407xx_mdk.o(.text) referenced from startup_stm32f407xx_mdk.o(RESET)
 <LI><a href="#[1f]">CAN1_RX1_IRQHandler</a> from startup_stm32f407xx_mdk.o(.text) referenced from startup_stm32f407xx_mdk.o(RESET)
 <LI><a href="#[20]">CAN1_SCE_IRQHandler</a> from startup_stm32f407xx_mdk.o(.text) referenced from startup_stm32f407xx_mdk.o(RESET)
 <LI><a href="#[1d]">CAN1_TX_IRQHandler</a> from startup_stm32f407xx_mdk.o(.text) referenced from startup_stm32f407xx_mdk.o(RESET)
 <LI><a href="#[4a]">CAN2_RX0_IRQHandler</a> from startup_stm32f407xx_mdk.o(.text) referenced from startup_stm32f407xx_mdk.o(RESET)
 <LI><a href="#[4b]">CAN2_RX1_IRQHandler</a> from startup_stm32f407xx_mdk.o(.text) referenced from startup_stm32f407xx_mdk.o(RESET)
 <LI><a href="#[4c]">CAN2_SCE_IRQHandler</a> from startup_stm32f407xx_mdk.o(.text) referenced from startup_stm32f407xx_mdk.o(RESET)
 <LI><a href="#[49]">CAN2_TX_IRQHandler</a> from startup_stm32f407xx_mdk.o(.text) referenced from startup_stm32f407xx_mdk.o(RESET)
 <LI><a href="#[58]">DCMI_IRQHandler</a> from startup_stm32f407xx_mdk.o(.text) referenced from startup_stm32f407xx_mdk.o(RESET)
 <LI><a href="#[15]">DMA1_Stream0_IRQHandler</a> from startup_stm32f407xx_mdk.o(.text) referenced from startup_stm32f407xx_mdk.o(RESET)
 <LI><a href="#[16]">DMA1_Stream1_IRQHandler</a> from startup_stm32f407xx_mdk.o(.text) referenced from startup_stm32f407xx_mdk.o(RESET)
 <LI><a href="#[17]">DMA1_Stream2_IRQHandler</a> from startup_stm32f407xx_mdk.o(.text) referenced from startup_stm32f407xx_mdk.o(RESET)
 <LI><a href="#[18]">DMA1_Stream3_IRQHandler</a> from startup_stm32f407xx_mdk.o(.text) referenced from startup_stm32f407xx_mdk.o(RESET)
 <LI><a href="#[19]">DMA1_Stream4_IRQHandler</a> from startup_stm32f407xx_mdk.o(.text) referenced from startup_stm32f407xx_mdk.o(RESET)
 <LI><a href="#[1a]">DMA1_Stream5_IRQHandler</a> from startup_stm32f407xx_mdk.o(.text) referenced from startup_stm32f407xx_mdk.o(RESET)
 <LI><a href="#[1b]">DMA1_Stream6_IRQHandler</a> from startup_stm32f407xx_mdk.o(.text) referenced from startup_stm32f407xx_mdk.o(RESET)
 <LI><a href="#[39]">DMA1_Stream7_IRQHandler</a> from startup_stm32f407xx_mdk.o(.text) referenced from startup_stm32f407xx_mdk.o(RESET)
 <LI><a href="#[42]">DMA2_Stream0_IRQHandler</a> from startup_stm32f407xx_mdk.o(.text) referenced from startup_stm32f407xx_mdk.o(RESET)
 <LI><a href="#[43]">DMA2_Stream1_IRQHandler</a> from startup_stm32f407xx_mdk.o(.text) referenced from startup_stm32f407xx_mdk.o(RESET)
 <LI><a href="#[44]">DMA2_Stream2_IRQHandler</a> from startup_stm32f407xx_mdk.o(.text) referenced from startup_stm32f407xx_mdk.o(RESET)
 <LI><a href="#[45]">DMA2_Stream3_IRQHandler</a> from startup_stm32f407xx_mdk.o(.text) referenced from startup_stm32f407xx_mdk.o(RESET)
 <LI><a href="#[46]">DMA2_Stream4_IRQHandler</a> from startup_stm32f407xx_mdk.o(.text) referenced from startup_stm32f407xx_mdk.o(RESET)
 <LI><a href="#[4e]">DMA2_Stream5_IRQHandler</a> from startup_stm32f407xx_mdk.o(.text) referenced from startup_stm32f407xx_mdk.o(RESET)
 <LI><a href="#[4f]">DMA2_Stream6_IRQHandler</a> from startup_stm32f407xx_mdk.o(.text) referenced from startup_stm32f407xx_mdk.o(RESET)
 <LI><a href="#[50]">DMA2_Stream7_IRQHandler</a> from startup_stm32f407xx_mdk.o(.text) referenced from startup_stm32f407xx_mdk.o(RESET)
 <LI><a href="#[7]">DebugMon_Handler</a> from stm32f4xx_it.o(.text.DebugMon_Handler) referenced from startup_stm32f407xx_mdk.o(RESET)
 <LI><a href="#[47]">ETH_IRQHandler</a> from startup_stm32f407xx_mdk.o(.text) referenced from startup_stm32f407xx_mdk.o(RESET)
 <LI><a href="#[48]">ETH_WKUP_IRQHandler</a> from startup_stm32f407xx_mdk.o(.text) referenced from startup_stm32f407xx_mdk.o(RESET)
 <LI><a href="#[10]">EXTI0_IRQHandler</a> from main.o(.text.EXTI0_IRQHandler) referenced from startup_stm32f407xx_mdk.o(RESET)
 <LI><a href="#[32]">EXTI15_10_IRQHandler</a> from startup_stm32f407xx_mdk.o(.text) referenced from startup_stm32f407xx_mdk.o(RESET)
 <LI><a href="#[11]">EXTI1_IRQHandler</a> from startup_stm32f407xx_mdk.o(.text) referenced from startup_stm32f407xx_mdk.o(RESET)
 <LI><a href="#[12]">EXTI2_IRQHandler</a> from startup_stm32f407xx_mdk.o(.text) referenced from startup_stm32f407xx_mdk.o(RESET)
 <LI><a href="#[13]">EXTI3_IRQHandler</a> from startup_stm32f407xx_mdk.o(.text) referenced from startup_stm32f407xx_mdk.o(RESET)
 <LI><a href="#[14]">EXTI4_IRQHandler</a> from startup_stm32f407xx_mdk.o(.text) referenced from startup_stm32f407xx_mdk.o(RESET)
 <LI><a href="#[21]">EXTI9_5_IRQHandler</a> from startup_stm32f407xx_mdk.o(.text) referenced from startup_stm32f407xx_mdk.o(RESET)
 <LI><a href="#[e]">FLASH_IRQHandler</a> from startup_stm32f407xx_mdk.o(.text) referenced from startup_stm32f407xx_mdk.o(RESET)
 <LI><a href="#[3a]">FMC_IRQHandler</a> from startup_stm32f407xx_mdk.o(.text) referenced from startup_stm32f407xx_mdk.o(RESET)
 <LI><a href="#[5a]">FPU_IRQHandler</a> from startup_stm32f407xx_mdk.o(.text) referenced from startup_stm32f407xx_mdk.o(RESET)
 <LI><a href="#[59]">HASH_RNG_IRQHandler</a> from startup_stm32f407xx_mdk.o(.text) referenced from startup_stm32f407xx_mdk.o(RESET)
 <LI><a href="#[2]">HardFault_Handler</a> from stm32f4xx_it.o(.text.HardFault_Handler) referenced from startup_stm32f407xx_mdk.o(RESET)
 <LI><a href="#[2a]">I2C1_ER_IRQHandler</a> from startup_stm32f407xx_mdk.o(.text) referenced from startup_stm32f407xx_mdk.o(RESET)
 <LI><a href="#[29]">I2C1_EV_IRQHandler</a> from startup_stm32f407xx_mdk.o(.text) referenced from startup_stm32f407xx_mdk.o(RESET)
 <LI><a href="#[2c]">I2C2_ER_IRQHandler</a> from startup_stm32f407xx_mdk.o(.text) referenced from startup_stm32f407xx_mdk.o(RESET)
 <LI><a href="#[2b]">I2C2_EV_IRQHandler</a> from startup_stm32f407xx_mdk.o(.text) referenced from startup_stm32f407xx_mdk.o(RESET)
 <LI><a href="#[53]">I2C3_ER_IRQHandler</a> from startup_stm32f407xx_mdk.o(.text) referenced from startup_stm32f407xx_mdk.o(RESET)
 <LI><a href="#[52]">I2C3_EV_IRQHandler</a> from startup_stm32f407xx_mdk.o(.text) referenced from startup_stm32f407xx_mdk.o(RESET)
 <LI><a href="#[3]">MemManage_Handler</a> from stm32f4xx_it.o(.text.MemManage_Handler) referenced from startup_stm32f407xx_mdk.o(RESET)
 <LI><a href="#[1]">NMI_Handler</a> from stm32f4xx_it.o(.text.NMI_Handler) referenced from startup_stm32f407xx_mdk.o(RESET)
 <LI><a href="#[4d]">OTG_FS_IRQHandler</a> from startup_stm32f407xx_mdk.o(.text) referenced from startup_stm32f407xx_mdk.o(RESET)
 <LI><a href="#[34]">OTG_FS_WKUP_IRQHandler</a> from startup_stm32f407xx_mdk.o(.text) referenced from startup_stm32f407xx_mdk.o(RESET)
 <LI><a href="#[55]">OTG_HS_EP1_IN_IRQHandler</a> from startup_stm32f407xx_mdk.o(.text) referenced from startup_stm32f407xx_mdk.o(RESET)
 <LI><a href="#[54]">OTG_HS_EP1_OUT_IRQHandler</a> from startup_stm32f407xx_mdk.o(.text) referenced from startup_stm32f407xx_mdk.o(RESET)
 <LI><a href="#[57]">OTG_HS_IRQHandler</a> from startup_stm32f407xx_mdk.o(.text) referenced from startup_stm32f407xx_mdk.o(RESET)
 <LI><a href="#[56]">OTG_HS_WKUP_IRQHandler</a> from startup_stm32f407xx_mdk.o(.text) referenced from startup_stm32f407xx_mdk.o(RESET)
 <LI><a href="#[b]">PVD_IRQHandler</a> from startup_stm32f407xx_mdk.o(.text) referenced from startup_stm32f407xx_mdk.o(RESET)
 <LI><a href="#[8]">PendSV_Handler</a> from stm32f4xx_it.o(.text.PendSV_Handler) referenced from startup_stm32f407xx_mdk.o(RESET)
 <LI><a href="#[f]">RCC_IRQHandler</a> from startup_stm32f407xx_mdk.o(.text) referenced from startup_stm32f407xx_mdk.o(RESET)
 <LI><a href="#[33]">RTC_Alarm_IRQHandler</a> from startup_stm32f407xx_mdk.o(.text) referenced from startup_stm32f407xx_mdk.o(RESET)
 <LI><a href="#[d]">RTC_WKUP_IRQHandler</a> from startup_stm32f407xx_mdk.o(.text) referenced from startup_stm32f407xx_mdk.o(RESET)
 <LI><a href="#[0]">Reset_Handler</a> from startup_stm32f407xx_mdk.o(.text) referenced from startup_stm32f407xx_mdk.o(RESET)
 <LI><a href="#[3b]">SDIO_IRQHandler</a> from startup_stm32f407xx_mdk.o(.text) referenced from startup_stm32f407xx_mdk.o(RESET)
 <LI><a href="#[2d]">SPI1_IRQHandler</a> from startup_stm32f407xx_mdk.o(.text) referenced from startup_stm32f407xx_mdk.o(RESET)
 <LI><a href="#[2e]">SPI2_IRQHandler</a> from startup_stm32f407xx_mdk.o(.text) referenced from startup_stm32f407xx_mdk.o(RESET)
 <LI><a href="#[3d]">SPI3_IRQHandler</a> from startup_stm32f407xx_mdk.o(.text) referenced from startup_stm32f407xx_mdk.o(RESET)
 <LI><a href="#[6]">SVC_Handler</a> from stm32f4xx_it.o(.text.SVC_Handler) referenced from startup_stm32f407xx_mdk.o(RESET)
 <LI><a href="#[9]">SysTick_Handler</a> from stm32f4xx_it.o(.text.SysTick_Handler) referenced from startup_stm32f407xx_mdk.o(RESET)
 <LI><a href="#[5b]">SystemInit</a> from system_stm32f4xx.o(.text.SystemInit) referenced from startup_stm32f407xx_mdk.o(.text)
 <LI><a href="#[c]">TAMP_STAMP_IRQHandler</a> from startup_stm32f407xx_mdk.o(.text) referenced from startup_stm32f407xx_mdk.o(RESET)
 <LI><a href="#[22]">TIM1_BRK_TIM9_IRQHandler</a> from startup_stm32f407xx_mdk.o(.text) referenced from startup_stm32f407xx_mdk.o(RESET)
 <LI><a href="#[25]">TIM1_CC_IRQHandler</a> from startup_stm32f407xx_mdk.o(.text) referenced from startup_stm32f407xx_mdk.o(RESET)
 <LI><a href="#[24]">TIM1_TRG_COM_TIM11_IRQHandler</a> from startup_stm32f407xx_mdk.o(.text) referenced from startup_stm32f407xx_mdk.o(RESET)
 <LI><a href="#[23]">TIM1_UP_TIM10_IRQHandler</a> from startup_stm32f407xx_mdk.o(.text) referenced from startup_stm32f407xx_mdk.o(RESET)
 <LI><a href="#[26]">TIM2_IRQHandler</a> from startup_stm32f407xx_mdk.o(.text) referenced from startup_stm32f407xx_mdk.o(RESET)
 <LI><a href="#[27]">TIM3_IRQHandler</a> from startup_stm32f407xx_mdk.o(.text) referenced from startup_stm32f407xx_mdk.o(RESET)
 <LI><a href="#[28]">TIM4_IRQHandler</a> from startup_stm32f407xx_mdk.o(.text) referenced from startup_stm32f407xx_mdk.o(RESET)
 <LI><a href="#[3c]">TIM5_IRQHandler</a> from startup_stm32f407xx_mdk.o(.text) referenced from startup_stm32f407xx_mdk.o(RESET)
 <LI><a href="#[40]">TIM6_DAC_IRQHandler</a> from startup_stm32f407xx_mdk.o(.text) referenced from startup_stm32f407xx_mdk.o(RESET)
 <LI><a href="#[41]">TIM7_IRQHandler</a> from startup_stm32f407xx_mdk.o(.text) referenced from startup_stm32f407xx_mdk.o(RESET)
 <LI><a href="#[35]">TIM8_BRK_TIM12_IRQHandler</a> from startup_stm32f407xx_mdk.o(.text) referenced from startup_stm32f407xx_mdk.o(RESET)
 <LI><a href="#[38]">TIM8_CC_IRQHandler</a> from startup_stm32f407xx_mdk.o(.text) referenced from startup_stm32f407xx_mdk.o(RESET)
 <LI><a href="#[37]">TIM8_TRG_COM_TIM14_IRQHandler</a> from startup_stm32f407xx_mdk.o(.text) referenced from startup_stm32f407xx_mdk.o(RESET)
 <LI><a href="#[36]">TIM8_UP_TIM13_IRQHandler</a> from startup_stm32f407xx_mdk.o(.text) referenced from startup_stm32f407xx_mdk.o(RESET)
 <LI><a href="#[3e]">UART4_IRQHandler</a> from startup_stm32f407xx_mdk.o(.text) referenced from startup_stm32f407xx_mdk.o(RESET)
 <LI><a href="#[3f]">UART5_IRQHandler</a> from startup_stm32f407xx_mdk.o(.text) referenced from startup_stm32f407xx_mdk.o(RESET)
 <LI><a href="#[60]">UART_DMAAbortOnError</a> from stm32f4xx_hal_uart.o(.text.UART_DMAAbortOnError) referenced 2 times from stm32f4xx_hal_uart.o(.text.HAL_UART_IRQHandler)
 <LI><a href="#[2f]">USART1_IRQHandler</a> from stm32f4xx_it.o(.text.USART1_IRQHandler) referenced from startup_stm32f407xx_mdk.o(RESET)
 <LI><a href="#[30]">USART2_IRQHandler</a> from stm32f4xx_it.o(.text.USART2_IRQHandler) referenced from startup_stm32f407xx_mdk.o(RESET)
 <LI><a href="#[31]">USART3_IRQHandler</a> from startup_stm32f407xx_mdk.o(.text) referenced from startup_stm32f407xx_mdk.o(RESET)
 <LI><a href="#[51]">USART6_IRQHandler</a> from startup_stm32f407xx_mdk.o(.text) referenced from startup_stm32f407xx_mdk.o(RESET)
 <LI><a href="#[5]">UsageFault_Handler</a> from stm32f4xx_it.o(.text.UsageFault_Handler) referenced from startup_stm32f407xx_mdk.o(RESET)
 <LI><a href="#[a]">WWDG_IRQHandler</a> from startup_stm32f407xx_mdk.o(.text) referenced from startup_stm32f407xx_mdk.o(RESET)
 <LI><a href="#[5c]">__main</a> from __main.o(!!!main) referenced from startup_stm32f407xx_mdk.o(.text)
 <LI><a href="#[5f]">_get_lc_ctype</a> from lc_ctype_c.o(locale$$code) referenced from rt_ctype_table.o(.text)
 <LI><a href="#[5e]">_printf_input_char</a> from _printf_char_common.o(.text) referenced from _printf_char_common.o(.text)
 <LI><a href="#[5d]">_snputc</a> from _snputc.o(.text) referenced 2 times from vsnprintf.o(.text)
 <LI><a href="#[64]">a_callback</a> from main.o(.text.a_callback) referenced 10 times from main.o(.text.llcc68)
 <LI><a href="#[71]">a_callback</a> from driver_llcc68_sent_receive_test.o(.text.a_callback) referenced 2 times from driver_llcc68_sent_receive_test.o(.text.llcc68_receive_test)
 <LI><a href="#[72]">llcc68</a> from main.o(.text.llcc68) referenced 2 times from main.o(.text.main)
 <LI><a href="#[62]">llcc68_cad_test_irq_handler</a> from driver_llcc68_cad_test.o(.text.llcc68_cad_test_irq_handler) referenced 2 times from main.o(.text.llcc68)
 <LI><a href="#[6c]">llcc68_interface_busy_gpio_deinit</a> from stm32f407_driver_llcc68_interface.o(.text.llcc68_interface_busy_gpio_deinit) referenced 2 times from driver_llcc68_cad_test.o(.text.llcc68_cad_test)
 <LI><a href="#[6c]">llcc68_interface_busy_gpio_deinit</a> from stm32f407_driver_llcc68_interface.o(.text.llcc68_interface_busy_gpio_deinit) referenced 2 times from driver_llcc68_lora.o(.text.llcc68_lora_init)
 <LI><a href="#[6c]">llcc68_interface_busy_gpio_deinit</a> from stm32f407_driver_llcc68_interface.o(.text.llcc68_interface_busy_gpio_deinit) referenced 2 times from driver_llcc68_sent_receive_test.o(.text.llcc68_receive_test)
 <LI><a href="#[6c]">llcc68_interface_busy_gpio_deinit</a> from stm32f407_driver_llcc68_interface.o(.text.llcc68_interface_busy_gpio_deinit) referenced 2 times from driver_llcc68_register_test.o(.text.llcc68_register_test)
 <LI><a href="#[6c]">llcc68_interface_busy_gpio_deinit</a> from stm32f407_driver_llcc68_interface.o(.text.llcc68_interface_busy_gpio_deinit) referenced 2 times from driver_llcc68_sent_receive_test.o(.text.llcc68_sent_test)
 <LI><a href="#[6b]">llcc68_interface_busy_gpio_init</a> from stm32f407_driver_llcc68_interface.o(.text.llcc68_interface_busy_gpio_init) referenced 2 times from driver_llcc68_cad_test.o(.text.llcc68_cad_test)
 <LI><a href="#[6b]">llcc68_interface_busy_gpio_init</a> from stm32f407_driver_llcc68_interface.o(.text.llcc68_interface_busy_gpio_init) referenced 2 times from driver_llcc68_lora.o(.text.llcc68_lora_init)
 <LI><a href="#[6b]">llcc68_interface_busy_gpio_init</a> from stm32f407_driver_llcc68_interface.o(.text.llcc68_interface_busy_gpio_init) referenced 2 times from driver_llcc68_sent_receive_test.o(.text.llcc68_receive_test)
 <LI><a href="#[6b]">llcc68_interface_busy_gpio_init</a> from stm32f407_driver_llcc68_interface.o(.text.llcc68_interface_busy_gpio_init) referenced 2 times from driver_llcc68_register_test.o(.text.llcc68_register_test)
 <LI><a href="#[6b]">llcc68_interface_busy_gpio_init</a> from stm32f407_driver_llcc68_interface.o(.text.llcc68_interface_busy_gpio_init) referenced 2 times from driver_llcc68_sent_receive_test.o(.text.llcc68_sent_test)
 <LI><a href="#[6d]">llcc68_interface_busy_gpio_read</a> from stm32f407_driver_llcc68_interface.o(.text.llcc68_interface_busy_gpio_read) referenced 2 times from driver_llcc68_cad_test.o(.text.llcc68_cad_test)
 <LI><a href="#[6d]">llcc68_interface_busy_gpio_read</a> from stm32f407_driver_llcc68_interface.o(.text.llcc68_interface_busy_gpio_read) referenced 2 times from driver_llcc68_lora.o(.text.llcc68_lora_init)
 <LI><a href="#[6d]">llcc68_interface_busy_gpio_read</a> from stm32f407_driver_llcc68_interface.o(.text.llcc68_interface_busy_gpio_read) referenced 2 times from driver_llcc68_sent_receive_test.o(.text.llcc68_receive_test)
 <LI><a href="#[6d]">llcc68_interface_busy_gpio_read</a> from stm32f407_driver_llcc68_interface.o(.text.llcc68_interface_busy_gpio_read) referenced 2 times from driver_llcc68_register_test.o(.text.llcc68_register_test)
 <LI><a href="#[6d]">llcc68_interface_busy_gpio_read</a> from stm32f407_driver_llcc68_interface.o(.text.llcc68_interface_busy_gpio_read) referenced 2 times from driver_llcc68_sent_receive_test.o(.text.llcc68_sent_test)
 <LI><a href="#[6f]">llcc68_interface_debug_print</a> from stm32f407_driver_llcc68_interface.o(.text.llcc68_interface_debug_print) referenced 2 times from driver_llcc68_cad_test.o(.text.llcc68_cad_test)
 <LI><a href="#[6f]">llcc68_interface_debug_print</a> from stm32f407_driver_llcc68_interface.o(.text.llcc68_interface_debug_print) referenced 2 times from driver_llcc68_lora.o(.text.llcc68_lora_init)
 <LI><a href="#[6f]">llcc68_interface_debug_print</a> from stm32f407_driver_llcc68_interface.o(.text.llcc68_interface_debug_print) referenced 2 times from driver_llcc68_sent_receive_test.o(.text.llcc68_receive_test)
 <LI><a href="#[6f]">llcc68_interface_debug_print</a> from stm32f407_driver_llcc68_interface.o(.text.llcc68_interface_debug_print) referenced 2 times from driver_llcc68_register_test.o(.text.llcc68_register_test)
 <LI><a href="#[6f]">llcc68_interface_debug_print</a> from stm32f407_driver_llcc68_interface.o(.text.llcc68_interface_debug_print) referenced 2 times from driver_llcc68_sent_receive_test.o(.text.llcc68_sent_test)
 <LI><a href="#[6e]">llcc68_interface_delay_ms</a> from stm32f407_driver_llcc68_interface.o(.text.llcc68_interface_delay_ms) referenced 2 times from driver_llcc68_cad_test.o(.text.llcc68_cad_test)
 <LI><a href="#[6e]">llcc68_interface_delay_ms</a> from stm32f407_driver_llcc68_interface.o(.text.llcc68_interface_delay_ms) referenced 2 times from driver_llcc68_lora.o(.text.llcc68_lora_init)
 <LI><a href="#[6e]">llcc68_interface_delay_ms</a> from stm32f407_driver_llcc68_interface.o(.text.llcc68_interface_delay_ms) referenced 2 times from driver_llcc68_sent_receive_test.o(.text.llcc68_receive_test)
 <LI><a href="#[6e]">llcc68_interface_delay_ms</a> from stm32f407_driver_llcc68_interface.o(.text.llcc68_interface_delay_ms) referenced 2 times from driver_llcc68_register_test.o(.text.llcc68_register_test)
 <LI><a href="#[6e]">llcc68_interface_delay_ms</a> from stm32f407_driver_llcc68_interface.o(.text.llcc68_interface_delay_ms) referenced 2 times from driver_llcc68_sent_receive_test.o(.text.llcc68_sent_test)
 <LI><a href="#[70]">llcc68_interface_receive_callback</a> from stm32f407_driver_llcc68_interface.o(.text.llcc68_interface_receive_callback) referenced 2 times from driver_llcc68_cad_test.o(.text.llcc68_cad_test)
 <LI><a href="#[70]">llcc68_interface_receive_callback</a> from stm32f407_driver_llcc68_interface.o(.text.llcc68_interface_receive_callback) referenced 2 times from driver_llcc68_register_test.o(.text.llcc68_register_test)
 <LI><a href="#[70]">llcc68_interface_receive_callback</a> from stm32f407_driver_llcc68_interface.o(.text.llcc68_interface_receive_callback) referenced 2 times from driver_llcc68_sent_receive_test.o(.text.llcc68_sent_test)
 <LI><a href="#[67]">llcc68_interface_reset_gpio_deinit</a> from stm32f407_driver_llcc68_interface.o(.text.llcc68_interface_reset_gpio_deinit) referenced 2 times from driver_llcc68_cad_test.o(.text.llcc68_cad_test)
 <LI><a href="#[67]">llcc68_interface_reset_gpio_deinit</a> from stm32f407_driver_llcc68_interface.o(.text.llcc68_interface_reset_gpio_deinit) referenced 2 times from driver_llcc68_lora.o(.text.llcc68_lora_init)
 <LI><a href="#[67]">llcc68_interface_reset_gpio_deinit</a> from stm32f407_driver_llcc68_interface.o(.text.llcc68_interface_reset_gpio_deinit) referenced 2 times from driver_llcc68_sent_receive_test.o(.text.llcc68_receive_test)
 <LI><a href="#[67]">llcc68_interface_reset_gpio_deinit</a> from stm32f407_driver_llcc68_interface.o(.text.llcc68_interface_reset_gpio_deinit) referenced 2 times from driver_llcc68_register_test.o(.text.llcc68_register_test)
 <LI><a href="#[67]">llcc68_interface_reset_gpio_deinit</a> from stm32f407_driver_llcc68_interface.o(.text.llcc68_interface_reset_gpio_deinit) referenced 2 times from driver_llcc68_sent_receive_test.o(.text.llcc68_sent_test)
 <LI><a href="#[66]">llcc68_interface_reset_gpio_init</a> from stm32f407_driver_llcc68_interface.o(.text.llcc68_interface_reset_gpio_init) referenced 2 times from driver_llcc68_cad_test.o(.text.llcc68_cad_test)
 <LI><a href="#[66]">llcc68_interface_reset_gpio_init</a> from stm32f407_driver_llcc68_interface.o(.text.llcc68_interface_reset_gpio_init) referenced 2 times from driver_llcc68_lora.o(.text.llcc68_lora_init)
 <LI><a href="#[66]">llcc68_interface_reset_gpio_init</a> from stm32f407_driver_llcc68_interface.o(.text.llcc68_interface_reset_gpio_init) referenced 2 times from driver_llcc68_sent_receive_test.o(.text.llcc68_receive_test)
 <LI><a href="#[66]">llcc68_interface_reset_gpio_init</a> from stm32f407_driver_llcc68_interface.o(.text.llcc68_interface_reset_gpio_init) referenced 2 times from driver_llcc68_register_test.o(.text.llcc68_register_test)
 <LI><a href="#[66]">llcc68_interface_reset_gpio_init</a> from stm32f407_driver_llcc68_interface.o(.text.llcc68_interface_reset_gpio_init) referenced 2 times from driver_llcc68_sent_receive_test.o(.text.llcc68_sent_test)
 <LI><a href="#[68]">llcc68_interface_reset_gpio_write</a> from stm32f407_driver_llcc68_interface.o(.text.llcc68_interface_reset_gpio_write) referenced 2 times from driver_llcc68_cad_test.o(.text.llcc68_cad_test)
 <LI><a href="#[68]">llcc68_interface_reset_gpio_write</a> from stm32f407_driver_llcc68_interface.o(.text.llcc68_interface_reset_gpio_write) referenced 2 times from driver_llcc68_lora.o(.text.llcc68_lora_init)
 <LI><a href="#[68]">llcc68_interface_reset_gpio_write</a> from stm32f407_driver_llcc68_interface.o(.text.llcc68_interface_reset_gpio_write) referenced 2 times from driver_llcc68_sent_receive_test.o(.text.llcc68_receive_test)
 <LI><a href="#[68]">llcc68_interface_reset_gpio_write</a> from stm32f407_driver_llcc68_interface.o(.text.llcc68_interface_reset_gpio_write) referenced 2 times from driver_llcc68_register_test.o(.text.llcc68_register_test)
 <LI><a href="#[68]">llcc68_interface_reset_gpio_write</a> from stm32f407_driver_llcc68_interface.o(.text.llcc68_interface_reset_gpio_write) referenced 2 times from driver_llcc68_sent_receive_test.o(.text.llcc68_sent_test)
 <LI><a href="#[6a]">llcc68_interface_spi_deinit</a> from stm32f407_driver_llcc68_interface.o(.text.llcc68_interface_spi_deinit) referenced 2 times from driver_llcc68_cad_test.o(.text.llcc68_cad_test)
 <LI><a href="#[6a]">llcc68_interface_spi_deinit</a> from stm32f407_driver_llcc68_interface.o(.text.llcc68_interface_spi_deinit) referenced 2 times from driver_llcc68_lora.o(.text.llcc68_lora_init)
 <LI><a href="#[6a]">llcc68_interface_spi_deinit</a> from stm32f407_driver_llcc68_interface.o(.text.llcc68_interface_spi_deinit) referenced 2 times from driver_llcc68_sent_receive_test.o(.text.llcc68_receive_test)
 <LI><a href="#[6a]">llcc68_interface_spi_deinit</a> from stm32f407_driver_llcc68_interface.o(.text.llcc68_interface_spi_deinit) referenced 2 times from driver_llcc68_register_test.o(.text.llcc68_register_test)
 <LI><a href="#[6a]">llcc68_interface_spi_deinit</a> from stm32f407_driver_llcc68_interface.o(.text.llcc68_interface_spi_deinit) referenced 2 times from driver_llcc68_sent_receive_test.o(.text.llcc68_sent_test)
 <LI><a href="#[69]">llcc68_interface_spi_init</a> from stm32f407_driver_llcc68_interface.o(.text.llcc68_interface_spi_init) referenced 2 times from driver_llcc68_cad_test.o(.text.llcc68_cad_test)
 <LI><a href="#[69]">llcc68_interface_spi_init</a> from stm32f407_driver_llcc68_interface.o(.text.llcc68_interface_spi_init) referenced 2 times from driver_llcc68_lora.o(.text.llcc68_lora_init)
 <LI><a href="#[69]">llcc68_interface_spi_init</a> from stm32f407_driver_llcc68_interface.o(.text.llcc68_interface_spi_init) referenced 2 times from driver_llcc68_sent_receive_test.o(.text.llcc68_receive_test)
 <LI><a href="#[69]">llcc68_interface_spi_init</a> from stm32f407_driver_llcc68_interface.o(.text.llcc68_interface_spi_init) referenced 2 times from driver_llcc68_register_test.o(.text.llcc68_register_test)
 <LI><a href="#[69]">llcc68_interface_spi_init</a> from stm32f407_driver_llcc68_interface.o(.text.llcc68_interface_spi_init) referenced 2 times from driver_llcc68_sent_receive_test.o(.text.llcc68_sent_test)
 <LI><a href="#[65]">llcc68_interface_spi_write_read</a> from stm32f407_driver_llcc68_interface.o(.text.llcc68_interface_spi_write_read) referenced 2 times from driver_llcc68_cad_test.o(.text.llcc68_cad_test)
 <LI><a href="#[65]">llcc68_interface_spi_write_read</a> from stm32f407_driver_llcc68_interface.o(.text.llcc68_interface_spi_write_read) referenced 2 times from driver_llcc68_lora.o(.text.llcc68_lora_init)
 <LI><a href="#[65]">llcc68_interface_spi_write_read</a> from stm32f407_driver_llcc68_interface.o(.text.llcc68_interface_spi_write_read) referenced 2 times from driver_llcc68_sent_receive_test.o(.text.llcc68_receive_test)
 <LI><a href="#[65]">llcc68_interface_spi_write_read</a> from stm32f407_driver_llcc68_interface.o(.text.llcc68_interface_spi_write_read) referenced 2 times from driver_llcc68_register_test.o(.text.llcc68_register_test)
 <LI><a href="#[65]">llcc68_interface_spi_write_read</a> from stm32f407_driver_llcc68_interface.o(.text.llcc68_interface_spi_write_read) referenced 2 times from driver_llcc68_sent_receive_test.o(.text.llcc68_sent_test)
 <LI><a href="#[61]">llcc68_interrupt_test_irq_handler</a> from driver_llcc68_sent_receive_test.o(.text.llcc68_interrupt_test_irq_handler) referenced 4 times from main.o(.text.llcc68)
 <LI><a href="#[63]">llcc68_lora_irq_handler</a> from driver_llcc68_lora.o(.text.llcc68_lora_irq_handler) referenced 6 times from main.o(.text.llcc68)
</UL>
<P>
<H3>
Global Symbols
</H3>
<P><STRONG><a name="[5c]"></a>__main</STRONG> (Thumb, 8 bytes, Stack size 0 bytes, __main.o(!!!main))
<BR><BR>[Calls]<UL><LI><a href="#[74]">&gt;&gt;</a>&nbsp;&nbsp;&nbsp;__rt_entry
<LI><a href="#[73]">&gt;&gt;</a>&nbsp;&nbsp;&nbsp;__scatterload
</UL>
<BR>[Address Reference Count : 1]<UL><LI> startup_stm32f407xx_mdk.o(.text)
</UL>
<P><STRONG><a name="[73]"></a>__scatterload</STRONG> (Thumb, 0 bytes, Stack size unknown bytes, __scatter.o(!!!scatter))
<BR><BR>[Called By]<UL><LI><a href="#[5c]">&gt;&gt;</a>&nbsp;&nbsp;&nbsp;__main
</UL>

<P><STRONG><a name="[75]"></a>__scatterload_rt2</STRONG> (Thumb, 44 bytes, Stack size unknown bytes, __scatter.o(!!!scatter), UNUSED)
<BR><BR>[Calls]<UL><LI><a href="#[74]">&gt;&gt;</a>&nbsp;&nbsp;&nbsp;__rt_entry
</UL>

<P><STRONG><a name="[1a6]"></a>__scatterload_rt2_thumb_only</STRONG> (Thumb, 0 bytes, Stack size unknown bytes, __scatter.o(!!!scatter), UNUSED)

<P><STRONG><a name="[1a7]"></a>__scatterload_null</STRONG> (Thumb, 0 bytes, Stack size unknown bytes, __scatter.o(!!!scatter), UNUSED)

<P><STRONG><a name="[76]"></a>__scatterload_copy</STRONG> (Thumb, 26 bytes, Stack size unknown bytes, __scatter_copy.o(!!handler_copy), UNUSED)
<BR><BR>[Calls]<UL><LI><a href="#[76]">&gt;&gt;</a>&nbsp;&nbsp;&nbsp;__scatterload_copy
</UL>
<BR>[Called By]<UL><LI><a href="#[76]">&gt;&gt;</a>&nbsp;&nbsp;&nbsp;__scatterload_copy
</UL>

<P><STRONG><a name="[1a8]"></a>__scatterload_zeroinit</STRONG> (Thumb, 28 bytes, Stack size unknown bytes, __scatter_zi.o(!!handler_zi), UNUSED)

<P><STRONG><a name="[77]"></a>_printf_n</STRONG> (Thumb, 0 bytes, Stack size unknown bytes, _printf_n.o(.ARM.Collect$$_printf_percent$$00000001))
<BR><BR>[Calls]<UL><LI><a href="#[78]">&gt;&gt;</a>&nbsp;&nbsp;&nbsp;_printf_charcount
</UL>

<P><STRONG><a name="[b6]"></a>_printf_percent</STRONG> (Thumb, 0 bytes, Stack size unknown bytes, _printf_percent.o(.ARM.Collect$$_printf_percent$$00000000))
<BR><BR>[Called By]<UL><LI><a href="#[b4]">&gt;&gt;</a>&nbsp;&nbsp;&nbsp;__printf
</UL>

<P><STRONG><a name="[79]"></a>_printf_p</STRONG> (Thumb, 0 bytes, Stack size unknown bytes, _printf_p.o(.ARM.Collect$$_printf_percent$$00000002))
<BR><BR>[Stack]<UL><LI>Max Depth = 64 + Unknown Stack Size
<LI>Call Chain = _printf_p &rArr; _printf_hex_ptr &rArr; _printf_longlong_hex &rArr; _printf_int_common &rArr; _printf_post_padding
</UL>
<BR>[Calls]<UL><LI><a href="#[7a]">&gt;&gt;</a>&nbsp;&nbsp;&nbsp;_printf_hex_ptr
</UL>

<P><STRONG><a name="[7b]"></a>_printf_f</STRONG> (Thumb, 0 bytes, Stack size unknown bytes, _printf_f.o(.ARM.Collect$$_printf_percent$$00000003))
<BR><BR>[Stack]<UL><LI>Max Depth = 324 + Unknown Stack Size
<LI>Call Chain = _printf_f &rArr; _printf_fp_dec &rArr; _printf_fp_dec_real &rArr; _fp_digits &rArr; _btod_etento &rArr; _btod_emul &rArr; _e2e
</UL>
<BR>[Calls]<UL><LI><a href="#[7c]">&gt;&gt;</a>&nbsp;&nbsp;&nbsp;_printf_fp_dec
</UL>

<P><STRONG><a name="[7d]"></a>_printf_e</STRONG> (Thumb, 0 bytes, Stack size unknown bytes, _printf_e.o(.ARM.Collect$$_printf_percent$$00000004))
<BR><BR>[Stack]<UL><LI>Max Depth = 324 + Unknown Stack Size
<LI>Call Chain = _printf_e &rArr; _printf_fp_dec &rArr; _printf_fp_dec_real &rArr; _fp_digits &rArr; _btod_etento &rArr; _btod_emul &rArr; _e2e
</UL>
<BR>[Calls]<UL><LI><a href="#[7c]">&gt;&gt;</a>&nbsp;&nbsp;&nbsp;_printf_fp_dec
</UL>

<P><STRONG><a name="[7e]"></a>_printf_g</STRONG> (Thumb, 0 bytes, Stack size unknown bytes, _printf_g.o(.ARM.Collect$$_printf_percent$$00000005))
<BR><BR>[Stack]<UL><LI>Max Depth = 324 + Unknown Stack Size
<LI>Call Chain = _printf_g &rArr; _printf_fp_dec &rArr; _printf_fp_dec_real &rArr; _fp_digits &rArr; _btod_etento &rArr; _btod_emul &rArr; _e2e
</UL>
<BR>[Calls]<UL><LI><a href="#[7c]">&gt;&gt;</a>&nbsp;&nbsp;&nbsp;_printf_fp_dec
</UL>

<P><STRONG><a name="[7f]"></a>_printf_a</STRONG> (Thumb, 0 bytes, Stack size unknown bytes, _printf_a.o(.ARM.Collect$$_printf_percent$$00000006))
<BR><BR>[Stack]<UL><LI>Max Depth = 112 + Unknown Stack Size
<LI>Call Chain = _printf_a &rArr; _printf_fp_hex &rArr; _printf_fp_hex_real &rArr; _printf_fp_infnan &rArr; _printf_post_padding
</UL>
<BR>[Calls]<UL><LI><a href="#[80]">&gt;&gt;</a>&nbsp;&nbsp;&nbsp;_printf_fp_hex
</UL>

<P><STRONG><a name="[1a9]"></a>_printf_ll</STRONG> (Thumb, 0 bytes, Stack size unknown bytes, _printf_ll.o(.ARM.Collect$$_printf_percent$$00000007))

<P><STRONG><a name="[81]"></a>_printf_i</STRONG> (Thumb, 0 bytes, Stack size unknown bytes, _printf_i.o(.ARM.Collect$$_printf_percent$$00000008))
<BR><BR>[Stack]<UL><LI>Max Depth = 72 + Unknown Stack Size
<LI>Call Chain = _printf_i &rArr; _printf_int_dec &rArr; _printf_int_common &rArr; _printf_post_padding
</UL>
<BR>[Calls]<UL><LI><a href="#[82]">&gt;&gt;</a>&nbsp;&nbsp;&nbsp;_printf_int_dec
</UL>

<P><STRONG><a name="[83]"></a>_printf_d</STRONG> (Thumb, 0 bytes, Stack size unknown bytes, _printf_d.o(.ARM.Collect$$_printf_percent$$00000009))
<BR><BR>[Stack]<UL><LI>Max Depth = 72 + Unknown Stack Size
<LI>Call Chain = _printf_d &rArr; _printf_int_dec &rArr; _printf_int_common &rArr; _printf_post_padding
</UL>
<BR>[Calls]<UL><LI><a href="#[82]">&gt;&gt;</a>&nbsp;&nbsp;&nbsp;_printf_int_dec
</UL>

<P><STRONG><a name="[84]"></a>_printf_u</STRONG> (Thumb, 0 bytes, Stack size unknown bytes, _printf_u.o(.ARM.Collect$$_printf_percent$$0000000A))
<BR><BR>[Stack]<UL><LI>Max Depth = 72 + Unknown Stack Size
<LI>Call Chain = _printf_u &rArr; _printf_int_dec &rArr; _printf_int_common &rArr; _printf_post_padding
</UL>
<BR>[Calls]<UL><LI><a href="#[82]">&gt;&gt;</a>&nbsp;&nbsp;&nbsp;_printf_int_dec
</UL>

<P><STRONG><a name="[85]"></a>_printf_o</STRONG> (Thumb, 0 bytes, Stack size unknown bytes, _printf_o.o(.ARM.Collect$$_printf_percent$$0000000B))
<BR><BR>[Stack]<UL><LI>Max Depth = 64 + Unknown Stack Size
<LI>Call Chain = _printf_o &rArr; _printf_int_oct &rArr; _printf_longlong_oct &rArr; _printf_int_common &rArr; _printf_post_padding
</UL>
<BR>[Calls]<UL><LI><a href="#[86]">&gt;&gt;</a>&nbsp;&nbsp;&nbsp;_printf_int_oct
</UL>

<P><STRONG><a name="[87]"></a>_printf_x</STRONG> (Thumb, 0 bytes, Stack size unknown bytes, _printf_x.o(.ARM.Collect$$_printf_percent$$0000000C))
<BR><BR>[Stack]<UL><LI>Max Depth = 80 + Unknown Stack Size
<LI>Call Chain = _printf_x &rArr; _printf_int_hex &rArr; _printf_longlong_hex &rArr; _printf_int_common &rArr; _printf_post_padding
</UL>
<BR>[Calls]<UL><LI><a href="#[88]">&gt;&gt;</a>&nbsp;&nbsp;&nbsp;_printf_int_hex
</UL>

<P><STRONG><a name="[89]"></a>_printf_lli</STRONG> (Thumb, 0 bytes, Stack size unknown bytes, _printf_lli.o(.ARM.Collect$$_printf_percent$$0000000D))
<BR><BR>[Stack]<UL><LI>Max Depth = 72 + Unknown Stack Size
<LI>Call Chain = _printf_lli &rArr; _printf_longlong_dec &rArr; _printf_int_common &rArr; _printf_post_padding
</UL>
<BR>[Calls]<UL><LI><a href="#[8a]">&gt;&gt;</a>&nbsp;&nbsp;&nbsp;_printf_longlong_dec
</UL>

<P><STRONG><a name="[8b]"></a>_printf_lld</STRONG> (Thumb, 0 bytes, Stack size unknown bytes, _printf_lld.o(.ARM.Collect$$_printf_percent$$0000000E))
<BR><BR>[Stack]<UL><LI>Max Depth = 72 + Unknown Stack Size
<LI>Call Chain = _printf_lld &rArr; _printf_longlong_dec &rArr; _printf_int_common &rArr; _printf_post_padding
</UL>
<BR>[Calls]<UL><LI><a href="#[8a]">&gt;&gt;</a>&nbsp;&nbsp;&nbsp;_printf_longlong_dec
</UL>

<P><STRONG><a name="[8c]"></a>_printf_llu</STRONG> (Thumb, 0 bytes, Stack size unknown bytes, _printf_llu.o(.ARM.Collect$$_printf_percent$$0000000F))
<BR><BR>[Stack]<UL><LI>Max Depth = 72 + Unknown Stack Size
<LI>Call Chain = _printf_llu &rArr; _printf_longlong_dec &rArr; _printf_int_common &rArr; _printf_post_padding
</UL>
<BR>[Calls]<UL><LI><a href="#[8a]">&gt;&gt;</a>&nbsp;&nbsp;&nbsp;_printf_longlong_dec
</UL>

<P><STRONG><a name="[8d]"></a>_printf_llo</STRONG> (Thumb, 0 bytes, Stack size unknown bytes, _printf_llo.o(.ARM.Collect$$_printf_percent$$00000010))
<BR><BR>[Stack]<UL><LI>Max Depth = 56 + Unknown Stack Size
<LI>Call Chain = _printf_llo &rArr; _printf_ll_oct &rArr; _printf_longlong_oct &rArr; _printf_int_common &rArr; _printf_post_padding
</UL>
<BR>[Calls]<UL><LI><a href="#[8e]">&gt;&gt;</a>&nbsp;&nbsp;&nbsp;_printf_ll_oct
</UL>

<P><STRONG><a name="[8f]"></a>_printf_llx</STRONG> (Thumb, 0 bytes, Stack size unknown bytes, _printf_llx.o(.ARM.Collect$$_printf_percent$$00000011))
<BR><BR>[Stack]<UL><LI>Max Depth = 64 + Unknown Stack Size
<LI>Call Chain = _printf_llx &rArr; _printf_ll_hex &rArr; _printf_longlong_hex &rArr; _printf_int_common &rArr; _printf_post_padding
</UL>
<BR>[Calls]<UL><LI><a href="#[90]">&gt;&gt;</a>&nbsp;&nbsp;&nbsp;_printf_ll_hex
</UL>

<P><STRONG><a name="[1aa]"></a>_printf_l</STRONG> (Thumb, 0 bytes, Stack size unknown bytes, _printf_l.o(.ARM.Collect$$_printf_percent$$00000012))

<P><STRONG><a name="[91]"></a>_printf_c</STRONG> (Thumb, 0 bytes, Stack size unknown bytes, _printf_c.o(.ARM.Collect$$_printf_percent$$00000013))
<BR><BR>[Stack]<UL><LI>Max Depth = 40 + Unknown Stack Size
<LI>Call Chain = _printf_c &rArr; _printf_char &rArr; _printf_cs_common &rArr; _printf_str &rArr; _printf_post_padding
</UL>
<BR>[Calls]<UL><LI><a href="#[92]">&gt;&gt;</a>&nbsp;&nbsp;&nbsp;_printf_char
</UL>

<P><STRONG><a name="[93]"></a>_printf_s</STRONG> (Thumb, 0 bytes, Stack size unknown bytes, _printf_s.o(.ARM.Collect$$_printf_percent$$00000014))
<BR><BR>[Stack]<UL><LI>Max Depth = 40 + Unknown Stack Size
<LI>Call Chain = _printf_s &rArr; _printf_string &rArr; _printf_cs_common &rArr; _printf_str &rArr; _printf_post_padding
</UL>
<BR>[Calls]<UL><LI><a href="#[94]">&gt;&gt;</a>&nbsp;&nbsp;&nbsp;_printf_string
</UL>

<P><STRONG><a name="[95]"></a>_printf_lc</STRONG> (Thumb, 0 bytes, Stack size unknown bytes, _printf_lc.o(.ARM.Collect$$_printf_percent$$00000015))
<BR><BR>[Stack]<UL><LI>Max Depth = 88 + Unknown Stack Size
<LI>Call Chain = _printf_lc &rArr; _printf_wchar &rArr; _printf_lcs_common &rArr; _printf_wctomb &rArr; _wcrtomb
</UL>
<BR>[Calls]<UL><LI><a href="#[96]">&gt;&gt;</a>&nbsp;&nbsp;&nbsp;_printf_wchar
</UL>

<P><STRONG><a name="[97]"></a>_printf_ls</STRONG> (Thumb, 0 bytes, Stack size unknown bytes, _printf_ls.o(.ARM.Collect$$_printf_percent$$00000016))
<BR><BR>[Stack]<UL><LI>Max Depth = 88 + Unknown Stack Size
<LI>Call Chain = _printf_ls &rArr; _printf_wstring &rArr; _printf_lcs_common &rArr; _printf_wctomb &rArr; _wcrtomb
</UL>
<BR>[Calls]<UL><LI><a href="#[98]">&gt;&gt;</a>&nbsp;&nbsp;&nbsp;_printf_wstring
</UL>

<P><STRONG><a name="[1ab]"></a>_printf_percent_end</STRONG> (Thumb, 0 bytes, Stack size unknown bytes, _printf_percent_end.o(.ARM.Collect$$_printf_percent$$00000017))

<P><STRONG><a name="[a5]"></a>__rt_lib_init</STRONG> (Thumb, 0 bytes, Stack size unknown bytes, libinit.o(.ARM.Collect$$libinit$$00000000))
<BR><BR>[Called By]<UL><LI><a href="#[a4]">&gt;&gt;</a>&nbsp;&nbsp;&nbsp;__rt_entry_li
</UL>

<P><STRONG><a name="[99]"></a>__rt_lib_init_fp_1</STRONG> (Thumb, 0 bytes, Stack size unknown bytes, libinit2.o(.ARM.Collect$$libinit$$00000001))
<BR><BR>[Calls]<UL><LI><a href="#[9a]">&gt;&gt;</a>&nbsp;&nbsp;&nbsp;_fp_init
</UL>

<P><STRONG><a name="[1ac]"></a>__rt_lib_init_heap_1</STRONG> (Thumb, 0 bytes, Stack size unknown bytes, libinit2.o(.ARM.Collect$$libinit$$0000000A))

<P><STRONG><a name="[1ad]"></a>__rt_lib_init_preinit_1</STRONG> (Thumb, 0 bytes, Stack size unknown bytes, libinit2.o(.ARM.Collect$$libinit$$00000004))

<P><STRONG><a name="[9b]"></a>__rt_lib_init_rand_2</STRONG> (Thumb, 0 bytes, Stack size unknown bytes, libinit2.o(.ARM.Collect$$libinit$$0000000D))
<BR><BR>[Stack]<UL><LI>Max Depth = 8 + Unknown Stack Size
<LI>Call Chain = __rt_lib_init_rand_2 &rArr; _rand_init &rArr; srand
</UL>
<BR>[Calls]<UL><LI><a href="#[9c]">&gt;&gt;</a>&nbsp;&nbsp;&nbsp;_rand_init
</UL>

<P><STRONG><a name="[1ae]"></a>__rt_lib_init_user_alloc_1</STRONG> (Thumb, 0 bytes, Stack size unknown bytes, libinit2.o(.ARM.Collect$$libinit$$0000000C))

<P><STRONG><a name="[9d]"></a>__rt_lib_init_lc_common</STRONG> (Thumb, 0 bytes, Stack size unknown bytes, libinit2.o(.ARM.Collect$$libinit$$0000000F))
<BR><BR>[Calls]<UL><LI><a href="#[9e]">&gt;&gt;</a>&nbsp;&nbsp;&nbsp;__rt_locale
</UL>

<P><STRONG><a name="[1af]"></a>__rt_lib_init_rand_1</STRONG> (Thumb, 0 bytes, Stack size unknown bytes, libinit2.o(.ARM.Collect$$libinit$$0000000E))

<P><STRONG><a name="[1b0]"></a>__rt_lib_init_lc_collate_1</STRONG> (Thumb, 0 bytes, Stack size unknown bytes, libinit2.o(.ARM.Collect$$libinit$$00000011))

<P><STRONG><a name="[9f]"></a>__rt_lib_init_lc_ctype_2</STRONG> (Thumb, 0 bytes, Stack size unknown bytes, libinit2.o(.ARM.Collect$$libinit$$00000012))
<BR><BR>[Stack]<UL><LI>Max Depth = 16 + Unknown Stack Size
<LI>Call Chain = __rt_lib_init_lc_ctype_2 &rArr; _get_lc_ctype &rArr; strcmp
</UL>
<BR>[Calls]<UL><LI><a href="#[5f]">&gt;&gt;</a>&nbsp;&nbsp;&nbsp;_get_lc_ctype
</UL>

<P><STRONG><a name="[1b1]"></a>__rt_lib_init_lc_ctype_1</STRONG> (Thumb, 0 bytes, Stack size unknown bytes, libinit2.o(.ARM.Collect$$libinit$$00000013))

<P><STRONG><a name="[1b2]"></a>__rt_lib_init_lc_monetary_1</STRONG> (Thumb, 0 bytes, Stack size unknown bytes, libinit2.o(.ARM.Collect$$libinit$$00000015))

<P><STRONG><a name="[a0]"></a>__rt_lib_init_lc_numeric_2</STRONG> (Thumb, 0 bytes, Stack size unknown bytes, libinit2.o(.ARM.Collect$$libinit$$00000016))
<BR><BR>[Stack]<UL><LI>Max Depth = 16 + Unknown Stack Size
<LI>Call Chain = __rt_lib_init_lc_numeric_2 &rArr; _get_lc_numeric &rArr; strcmp
</UL>
<BR>[Calls]<UL><LI><a href="#[a1]">&gt;&gt;</a>&nbsp;&nbsp;&nbsp;_get_lc_numeric
</UL>

<P><STRONG><a name="[1b3]"></a>__rt_lib_init_alloca_1</STRONG> (Thumb, 0 bytes, Stack size unknown bytes, libinit2.o(.ARM.Collect$$libinit$$0000002E))

<P><STRONG><a name="[1b4]"></a>__rt_lib_init_argv_1</STRONG> (Thumb, 0 bytes, Stack size unknown bytes, libinit2.o(.ARM.Collect$$libinit$$0000002C))

<P><STRONG><a name="[1b5]"></a>__rt_lib_init_atexit_1</STRONG> (Thumb, 0 bytes, Stack size unknown bytes, libinit2.o(.ARM.Collect$$libinit$$0000001B))

<P><STRONG><a name="[1b6]"></a>__rt_lib_init_clock_1</STRONG> (Thumb, 0 bytes, Stack size unknown bytes, libinit2.o(.ARM.Collect$$libinit$$00000021))

<P><STRONG><a name="[1b7]"></a>__rt_lib_init_cpp_1</STRONG> (Thumb, 0 bytes, Stack size unknown bytes, libinit2.o(.ARM.Collect$$libinit$$00000032))

<P><STRONG><a name="[1b8]"></a>__rt_lib_init_exceptions_1</STRONG> (Thumb, 0 bytes, Stack size unknown bytes, libinit2.o(.ARM.Collect$$libinit$$00000030))

<P><STRONG><a name="[1b9]"></a>__rt_lib_init_fp_trap_1</STRONG> (Thumb, 0 bytes, Stack size unknown bytes, libinit2.o(.ARM.Collect$$libinit$$0000001F))

<P><STRONG><a name="[1ba]"></a>__rt_lib_init_getenv_1</STRONG> (Thumb, 0 bytes, Stack size unknown bytes, libinit2.o(.ARM.Collect$$libinit$$00000023))

<P><STRONG><a name="[1bb]"></a>__rt_lib_init_lc_numeric_1</STRONG> (Thumb, 0 bytes, Stack size unknown bytes, libinit2.o(.ARM.Collect$$libinit$$00000017))

<P><STRONG><a name="[1bc]"></a>__rt_lib_init_lc_time_1</STRONG> (Thumb, 0 bytes, Stack size unknown bytes, libinit2.o(.ARM.Collect$$libinit$$00000019))

<P><STRONG><a name="[1bd]"></a>__rt_lib_init_return</STRONG> (Thumb, 0 bytes, Stack size unknown bytes, libinit2.o(.ARM.Collect$$libinit$$00000033))

<P><STRONG><a name="[1be]"></a>__rt_lib_init_signal_1</STRONG> (Thumb, 0 bytes, Stack size unknown bytes, libinit2.o(.ARM.Collect$$libinit$$0000001D))

<P><STRONG><a name="[1bf]"></a>__rt_lib_init_stdio_1</STRONG> (Thumb, 0 bytes, Stack size unknown bytes, libinit2.o(.ARM.Collect$$libinit$$00000025))

<P><STRONG><a name="[aa]"></a>__rt_lib_shutdown</STRONG> (Thumb, 0 bytes, Stack size unknown bytes, libshutdown.o(.ARM.Collect$$libshutdown$$00000000))
<BR><BR>[Called By]<UL><LI><a href="#[a9]">&gt;&gt;</a>&nbsp;&nbsp;&nbsp;__rt_exit_ls
</UL>

<P><STRONG><a name="[1c0]"></a>__rt_lib_shutdown_cpp_1</STRONG> (Thumb, 0 bytes, Stack size unknown bytes, libshutdown2.o(.ARM.Collect$$libshutdown$$00000002))

<P><STRONG><a name="[1c1]"></a>__rt_lib_shutdown_fp_trap_1</STRONG> (Thumb, 0 bytes, Stack size unknown bytes, libshutdown2.o(.ARM.Collect$$libshutdown$$00000007))

<P><STRONG><a name="[1c2]"></a>__rt_lib_shutdown_heap_1</STRONG> (Thumb, 0 bytes, Stack size unknown bytes, libshutdown2.o(.ARM.Collect$$libshutdown$$0000000F))

<P><STRONG><a name="[1c3]"></a>__rt_lib_shutdown_return</STRONG> (Thumb, 0 bytes, Stack size unknown bytes, libshutdown2.o(.ARM.Collect$$libshutdown$$00000010))

<P><STRONG><a name="[1c4]"></a>__rt_lib_shutdown_signal_1</STRONG> (Thumb, 0 bytes, Stack size unknown bytes, libshutdown2.o(.ARM.Collect$$libshutdown$$0000000A))

<P><STRONG><a name="[1c5]"></a>__rt_lib_shutdown_stdio_1</STRONG> (Thumb, 0 bytes, Stack size unknown bytes, libshutdown2.o(.ARM.Collect$$libshutdown$$00000004))

<P><STRONG><a name="[1c6]"></a>__rt_lib_shutdown_user_alloc_1</STRONG> (Thumb, 0 bytes, Stack size unknown bytes, libshutdown2.o(.ARM.Collect$$libshutdown$$0000000C))

<P><STRONG><a name="[74]"></a>__rt_entry</STRONG> (Thumb, 0 bytes, Stack size unknown bytes, __rtentry.o(.ARM.Collect$$rtentry$$00000000))
<BR><BR>[Called By]<UL><LI><a href="#[5c]">&gt;&gt;</a>&nbsp;&nbsp;&nbsp;__main
<LI><a href="#[75]">&gt;&gt;</a>&nbsp;&nbsp;&nbsp;__scatterload_rt2
</UL>

<P><STRONG><a name="[1c7]"></a>__rt_entry_presh_1</STRONG> (Thumb, 0 bytes, Stack size unknown bytes, __rtentry2.o(.ARM.Collect$$rtentry$$00000002))

<P><STRONG><a name="[a2]"></a>__rt_entry_sh</STRONG> (Thumb, 0 bytes, Stack size unknown bytes, __rtentry4.o(.ARM.Collect$$rtentry$$00000004))
<BR><BR>[Stack]<UL><LI>Max Depth = 8 + Unknown Stack Size
<LI>Call Chain = __rt_entry_sh &rArr; __user_setup_stackheap
</UL>
<BR>[Calls]<UL><LI><a href="#[a3]">&gt;&gt;</a>&nbsp;&nbsp;&nbsp;__user_setup_stackheap
</UL>

<P><STRONG><a name="[a4]"></a>__rt_entry_li</STRONG> (Thumb, 0 bytes, Stack size unknown bytes, __rtentry2.o(.ARM.Collect$$rtentry$$0000000A))
<BR><BR>[Calls]<UL><LI><a href="#[a5]">&gt;&gt;</a>&nbsp;&nbsp;&nbsp;__rt_lib_init
</UL>

<P><STRONG><a name="[1c8]"></a>__rt_entry_postsh_1</STRONG> (Thumb, 0 bytes, Stack size unknown bytes, __rtentry2.o(.ARM.Collect$$rtentry$$00000009))

<P><STRONG><a name="[a6]"></a>__rt_entry_main</STRONG> (Thumb, 0 bytes, Stack size unknown bytes, __rtentry2.o(.ARM.Collect$$rtentry$$0000000D))
<BR><BR>[Stack]<UL><LI>Max Depth = 424 + Unknown Stack Size
<LI>Call Chain = __rt_entry_main &rArr; main &rArr; uart_print &rArr; vsnprintf &rArr; _printf_char_common &rArr; __printf
</UL>
<BR>[Calls]<UL><LI><a href="#[a7]">&gt;&gt;</a>&nbsp;&nbsp;&nbsp;main
<LI><a href="#[a8]">&gt;&gt;</a>&nbsp;&nbsp;&nbsp;exit
</UL>

<P><STRONG><a name="[1c9]"></a>__rt_entry_postli_1</STRONG> (Thumb, 0 bytes, Stack size unknown bytes, __rtentry2.o(.ARM.Collect$$rtentry$$0000000C))

<P><STRONG><a name="[da]"></a>__rt_exit</STRONG> (Thumb, 0 bytes, Stack size unknown bytes, rtexit.o(.ARM.Collect$$rtexit$$00000000))
<BR><BR>[Called By]<UL><LI><a href="#[a8]">&gt;&gt;</a>&nbsp;&nbsp;&nbsp;exit
</UL>

<P><STRONG><a name="[a9]"></a>__rt_exit_ls</STRONG> (Thumb, 0 bytes, Stack size unknown bytes, rtexit2.o(.ARM.Collect$$rtexit$$00000003))
<BR><BR>[Calls]<UL><LI><a href="#[aa]">&gt;&gt;</a>&nbsp;&nbsp;&nbsp;__rt_lib_shutdown
</UL>

<P><STRONG><a name="[1ca]"></a>__rt_exit_prels_1</STRONG> (Thumb, 0 bytes, Stack size unknown bytes, rtexit2.o(.ARM.Collect$$rtexit$$00000002))

<P><STRONG><a name="[ab]"></a>__rt_exit_exit</STRONG> (Thumb, 0 bytes, Stack size unknown bytes, rtexit2.o(.ARM.Collect$$rtexit$$00000004))
<BR><BR>[Calls]<UL><LI><a href="#[ac]">&gt;&gt;</a>&nbsp;&nbsp;&nbsp;_sys_exit
</UL>

<P><STRONG><a name="[174]"></a>rand</STRONG> (Thumb, 48 bytes, Stack size 0 bytes, rand.o(.emb_text))
<BR><BR>[Called By]<UL><LI><a href="#[120]">&gt;&gt;</a>&nbsp;&nbsp;&nbsp;llcc68_register_test
</UL>

<P><STRONG><a name="[0]"></a>Reset_Handler</STRONG> (Thumb, 8 bytes, Stack size 0 bytes, startup_stm32f407xx_mdk.o(.text))
<BR>[Address Reference Count : 1]<UL><LI> startup_stm32f407xx_mdk.o(RESET)
</UL>
<P><STRONG><a name="[1c]"></a>ADC_IRQHandler</STRONG> (Thumb, 0 bytes, Stack size 0 bytes, startup_stm32f407xx_mdk.o(.text))
<BR><BR>[Calls]<UL><LI><a href="#[1c]">&gt;&gt;</a>&nbsp;&nbsp;&nbsp;ADC_IRQHandler
</UL>
<BR>[Called By]<UL><LI><a href="#[1c]">&gt;&gt;</a>&nbsp;&nbsp;&nbsp;ADC_IRQHandler
</UL>
<BR>[Address Reference Count : 1]<UL><LI> startup_stm32f407xx_mdk.o(RESET)
</UL>
<P><STRONG><a name="[1e]"></a>CAN1_RX0_IRQHandler</STRONG> (Thumb, 0 bytes, Stack size 0 bytes, startup_stm32f407xx_mdk.o(.text))
<BR>[Address Reference Count : 1]<UL><LI> startup_stm32f407xx_mdk.o(RESET)
</UL>
<P><STRONG><a name="[1f]"></a>CAN1_RX1_IRQHandler</STRONG> (Thumb, 0 bytes, Stack size 0 bytes, startup_stm32f407xx_mdk.o(.text))
<BR>[Address Reference Count : 1]<UL><LI> startup_stm32f407xx_mdk.o(RESET)
</UL>
<P><STRONG><a name="[20]"></a>CAN1_SCE_IRQHandler</STRONG> (Thumb, 0 bytes, Stack size 0 bytes, startup_stm32f407xx_mdk.o(.text))
<BR>[Address Reference Count : 1]<UL><LI> startup_stm32f407xx_mdk.o(RESET)
</UL>
<P><STRONG><a name="[1d]"></a>CAN1_TX_IRQHandler</STRONG> (Thumb, 0 bytes, Stack size 0 bytes, startup_stm32f407xx_mdk.o(.text))
<BR>[Address Reference Count : 1]<UL><LI> startup_stm32f407xx_mdk.o(RESET)
</UL>
<P><STRONG><a name="[4a]"></a>CAN2_RX0_IRQHandler</STRONG> (Thumb, 0 bytes, Stack size 0 bytes, startup_stm32f407xx_mdk.o(.text))
<BR>[Address Reference Count : 1]<UL><LI> startup_stm32f407xx_mdk.o(RESET)
</UL>
<P><STRONG><a name="[4b]"></a>CAN2_RX1_IRQHandler</STRONG> (Thumb, 0 bytes, Stack size 0 bytes, startup_stm32f407xx_mdk.o(.text))
<BR>[Address Reference Count : 1]<UL><LI> startup_stm32f407xx_mdk.o(RESET)
</UL>
<P><STRONG><a name="[4c]"></a>CAN2_SCE_IRQHandler</STRONG> (Thumb, 0 bytes, Stack size 0 bytes, startup_stm32f407xx_mdk.o(.text))
<BR>[Address Reference Count : 1]<UL><LI> startup_stm32f407xx_mdk.o(RESET)
</UL>
<P><STRONG><a name="[49]"></a>CAN2_TX_IRQHandler</STRONG> (Thumb, 0 bytes, Stack size 0 bytes, startup_stm32f407xx_mdk.o(.text))
<BR>[Address Reference Count : 1]<UL><LI> startup_stm32f407xx_mdk.o(RESET)
</UL>
<P><STRONG><a name="[58]"></a>DCMI_IRQHandler</STRONG> (Thumb, 0 bytes, Stack size 0 bytes, startup_stm32f407xx_mdk.o(.text))
<BR>[Address Reference Count : 1]<UL><LI> startup_stm32f407xx_mdk.o(RESET)
</UL>
<P><STRONG><a name="[15]"></a>DMA1_Stream0_IRQHandler</STRONG> (Thumb, 0 bytes, Stack size 0 bytes, startup_stm32f407xx_mdk.o(.text))
<BR>[Address Reference Count : 1]<UL><LI> startup_stm32f407xx_mdk.o(RESET)
</UL>
<P><STRONG><a name="[16]"></a>DMA1_Stream1_IRQHandler</STRONG> (Thumb, 0 bytes, Stack size 0 bytes, startup_stm32f407xx_mdk.o(.text))
<BR>[Address Reference Count : 1]<UL><LI> startup_stm32f407xx_mdk.o(RESET)
</UL>
<P><STRONG><a name="[17]"></a>DMA1_Stream2_IRQHandler</STRONG> (Thumb, 0 bytes, Stack size 0 bytes, startup_stm32f407xx_mdk.o(.text))
<BR>[Address Reference Count : 1]<UL><LI> startup_stm32f407xx_mdk.o(RESET)
</UL>
<P><STRONG><a name="[18]"></a>DMA1_Stream3_IRQHandler</STRONG> (Thumb, 0 bytes, Stack size 0 bytes, startup_stm32f407xx_mdk.o(.text))
<BR>[Address Reference Count : 1]<UL><LI> startup_stm32f407xx_mdk.o(RESET)
</UL>
<P><STRONG><a name="[19]"></a>DMA1_Stream4_IRQHandler</STRONG> (Thumb, 0 bytes, Stack size 0 bytes, startup_stm32f407xx_mdk.o(.text))
<BR>[Address Reference Count : 1]<UL><LI> startup_stm32f407xx_mdk.o(RESET)
</UL>
<P><STRONG><a name="[1a]"></a>DMA1_Stream5_IRQHandler</STRONG> (Thumb, 0 bytes, Stack size 0 bytes, startup_stm32f407xx_mdk.o(.text))
<BR>[Address Reference Count : 1]<UL><LI> startup_stm32f407xx_mdk.o(RESET)
</UL>
<P><STRONG><a name="[1b]"></a>DMA1_Stream6_IRQHandler</STRONG> (Thumb, 0 bytes, Stack size 0 bytes, startup_stm32f407xx_mdk.o(.text))
<BR>[Address Reference Count : 1]<UL><LI> startup_stm32f407xx_mdk.o(RESET)
</UL>
<P><STRONG><a name="[39]"></a>DMA1_Stream7_IRQHandler</STRONG> (Thumb, 0 bytes, Stack size 0 bytes, startup_stm32f407xx_mdk.o(.text))
<BR>[Address Reference Count : 1]<UL><LI> startup_stm32f407xx_mdk.o(RESET)
</UL>
<P><STRONG><a name="[42]"></a>DMA2_Stream0_IRQHandler</STRONG> (Thumb, 0 bytes, Stack size 0 bytes, startup_stm32f407xx_mdk.o(.text))
<BR>[Address Reference Count : 1]<UL><LI> startup_stm32f407xx_mdk.o(RESET)
</UL>
<P><STRONG><a name="[43]"></a>DMA2_Stream1_IRQHandler</STRONG> (Thumb, 0 bytes, Stack size 0 bytes, startup_stm32f407xx_mdk.o(.text))
<BR>[Address Reference Count : 1]<UL><LI> startup_stm32f407xx_mdk.o(RESET)
</UL>
<P><STRONG><a name="[44]"></a>DMA2_Stream2_IRQHandler</STRONG> (Thumb, 0 bytes, Stack size 0 bytes, startup_stm32f407xx_mdk.o(.text))
<BR>[Address Reference Count : 1]<UL><LI> startup_stm32f407xx_mdk.o(RESET)
</UL>
<P><STRONG><a name="[45]"></a>DMA2_Stream3_IRQHandler</STRONG> (Thumb, 0 bytes, Stack size 0 bytes, startup_stm32f407xx_mdk.o(.text))
<BR>[Address Reference Count : 1]<UL><LI> startup_stm32f407xx_mdk.o(RESET)
</UL>
<P><STRONG><a name="[46]"></a>DMA2_Stream4_IRQHandler</STRONG> (Thumb, 0 bytes, Stack size 0 bytes, startup_stm32f407xx_mdk.o(.text))
<BR>[Address Reference Count : 1]<UL><LI> startup_stm32f407xx_mdk.o(RESET)
</UL>
<P><STRONG><a name="[4e]"></a>DMA2_Stream5_IRQHandler</STRONG> (Thumb, 0 bytes, Stack size 0 bytes, startup_stm32f407xx_mdk.o(.text))
<BR>[Address Reference Count : 1]<UL><LI> startup_stm32f407xx_mdk.o(RESET)
</UL>
<P><STRONG><a name="[4f]"></a>DMA2_Stream6_IRQHandler</STRONG> (Thumb, 0 bytes, Stack size 0 bytes, startup_stm32f407xx_mdk.o(.text))
<BR>[Address Reference Count : 1]<UL><LI> startup_stm32f407xx_mdk.o(RESET)
</UL>
<P><STRONG><a name="[50]"></a>DMA2_Stream7_IRQHandler</STRONG> (Thumb, 0 bytes, Stack size 0 bytes, startup_stm32f407xx_mdk.o(.text))
<BR>[Address Reference Count : 1]<UL><LI> startup_stm32f407xx_mdk.o(RESET)
</UL>
<P><STRONG><a name="[47]"></a>ETH_IRQHandler</STRONG> (Thumb, 0 bytes, Stack size 0 bytes, startup_stm32f407xx_mdk.o(.text))
<BR>[Address Reference Count : 1]<UL><LI> startup_stm32f407xx_mdk.o(RESET)
</UL>
<P><STRONG><a name="[48]"></a>ETH_WKUP_IRQHandler</STRONG> (Thumb, 0 bytes, Stack size 0 bytes, startup_stm32f407xx_mdk.o(.text))
<BR>[Address Reference Count : 1]<UL><LI> startup_stm32f407xx_mdk.o(RESET)
</UL>
<P><STRONG><a name="[32]"></a>EXTI15_10_IRQHandler</STRONG> (Thumb, 0 bytes, Stack size 0 bytes, startup_stm32f407xx_mdk.o(.text))
<BR>[Address Reference Count : 1]<UL><LI> startup_stm32f407xx_mdk.o(RESET)
</UL>
<P><STRONG><a name="[11]"></a>EXTI1_IRQHandler</STRONG> (Thumb, 0 bytes, Stack size 0 bytes, startup_stm32f407xx_mdk.o(.text))
<BR>[Address Reference Count : 1]<UL><LI> startup_stm32f407xx_mdk.o(RESET)
</UL>
<P><STRONG><a name="[12]"></a>EXTI2_IRQHandler</STRONG> (Thumb, 0 bytes, Stack size 0 bytes, startup_stm32f407xx_mdk.o(.text))
<BR>[Address Reference Count : 1]<UL><LI> startup_stm32f407xx_mdk.o(RESET)
</UL>
<P><STRONG><a name="[13]"></a>EXTI3_IRQHandler</STRONG> (Thumb, 0 bytes, Stack size 0 bytes, startup_stm32f407xx_mdk.o(.text))
<BR>[Address Reference Count : 1]<UL><LI> startup_stm32f407xx_mdk.o(RESET)
</UL>
<P><STRONG><a name="[14]"></a>EXTI4_IRQHandler</STRONG> (Thumb, 0 bytes, Stack size 0 bytes, startup_stm32f407xx_mdk.o(.text))
<BR>[Address Reference Count : 1]<UL><LI> startup_stm32f407xx_mdk.o(RESET)
</UL>
<P><STRONG><a name="[21]"></a>EXTI9_5_IRQHandler</STRONG> (Thumb, 0 bytes, Stack size 0 bytes, startup_stm32f407xx_mdk.o(.text))
<BR>[Address Reference Count : 1]<UL><LI> startup_stm32f407xx_mdk.o(RESET)
</UL>
<P><STRONG><a name="[e]"></a>FLASH_IRQHandler</STRONG> (Thumb, 0 bytes, Stack size 0 bytes, startup_stm32f407xx_mdk.o(.text))
<BR>[Address Reference Count : 1]<UL><LI> startup_stm32f407xx_mdk.o(RESET)
</UL>
<P><STRONG><a name="[3a]"></a>FMC_IRQHandler</STRONG> (Thumb, 0 bytes, Stack size 0 bytes, startup_stm32f407xx_mdk.o(.text))
<BR>[Address Reference Count : 1]<UL><LI> startup_stm32f407xx_mdk.o(RESET)
</UL>
<P><STRONG><a name="[5a]"></a>FPU_IRQHandler</STRONG> (Thumb, 0 bytes, Stack size 0 bytes, startup_stm32f407xx_mdk.o(.text))
<BR>[Address Reference Count : 1]<UL><LI> startup_stm32f407xx_mdk.o(RESET)
</UL>
<P><STRONG><a name="[59]"></a>HASH_RNG_IRQHandler</STRONG> (Thumb, 0 bytes, Stack size 0 bytes, startup_stm32f407xx_mdk.o(.text))
<BR>[Address Reference Count : 1]<UL><LI> startup_stm32f407xx_mdk.o(RESET)
</UL>
<P><STRONG><a name="[2a]"></a>I2C1_ER_IRQHandler</STRONG> (Thumb, 0 bytes, Stack size 0 bytes, startup_stm32f407xx_mdk.o(.text))
<BR>[Address Reference Count : 1]<UL><LI> startup_stm32f407xx_mdk.o(RESET)
</UL>
<P><STRONG><a name="[29]"></a>I2C1_EV_IRQHandler</STRONG> (Thumb, 0 bytes, Stack size 0 bytes, startup_stm32f407xx_mdk.o(.text))
<BR>[Address Reference Count : 1]<UL><LI> startup_stm32f407xx_mdk.o(RESET)
</UL>
<P><STRONG><a name="[2c]"></a>I2C2_ER_IRQHandler</STRONG> (Thumb, 0 bytes, Stack size 0 bytes, startup_stm32f407xx_mdk.o(.text))
<BR>[Address Reference Count : 1]<UL><LI> startup_stm32f407xx_mdk.o(RESET)
</UL>
<P><STRONG><a name="[2b]"></a>I2C2_EV_IRQHandler</STRONG> (Thumb, 0 bytes, Stack size 0 bytes, startup_stm32f407xx_mdk.o(.text))
<BR>[Address Reference Count : 1]<UL><LI> startup_stm32f407xx_mdk.o(RESET)
</UL>
<P><STRONG><a name="[53]"></a>I2C3_ER_IRQHandler</STRONG> (Thumb, 0 bytes, Stack size 0 bytes, startup_stm32f407xx_mdk.o(.text))
<BR>[Address Reference Count : 1]<UL><LI> startup_stm32f407xx_mdk.o(RESET)
</UL>
<P><STRONG><a name="[52]"></a>I2C3_EV_IRQHandler</STRONG> (Thumb, 0 bytes, Stack size 0 bytes, startup_stm32f407xx_mdk.o(.text))
<BR>[Address Reference Count : 1]<UL><LI> startup_stm32f407xx_mdk.o(RESET)
</UL>
<P><STRONG><a name="[4d]"></a>OTG_FS_IRQHandler</STRONG> (Thumb, 0 bytes, Stack size 0 bytes, startup_stm32f407xx_mdk.o(.text))
<BR>[Address Reference Count : 1]<UL><LI> startup_stm32f407xx_mdk.o(RESET)
</UL>
<P><STRONG><a name="[34]"></a>OTG_FS_WKUP_IRQHandler</STRONG> (Thumb, 0 bytes, Stack size 0 bytes, startup_stm32f407xx_mdk.o(.text))
<BR>[Address Reference Count : 1]<UL><LI> startup_stm32f407xx_mdk.o(RESET)
</UL>
<P><STRONG><a name="[55]"></a>OTG_HS_EP1_IN_IRQHandler</STRONG> (Thumb, 0 bytes, Stack size 0 bytes, startup_stm32f407xx_mdk.o(.text))
<BR>[Address Reference Count : 1]<UL><LI> startup_stm32f407xx_mdk.o(RESET)
</UL>
<P><STRONG><a name="[54]"></a>OTG_HS_EP1_OUT_IRQHandler</STRONG> (Thumb, 0 bytes, Stack size 0 bytes, startup_stm32f407xx_mdk.o(.text))
<BR>[Address Reference Count : 1]<UL><LI> startup_stm32f407xx_mdk.o(RESET)
</UL>
<P><STRONG><a name="[57]"></a>OTG_HS_IRQHandler</STRONG> (Thumb, 0 bytes, Stack size 0 bytes, startup_stm32f407xx_mdk.o(.text))
<BR>[Address Reference Count : 1]<UL><LI> startup_stm32f407xx_mdk.o(RESET)
</UL>
<P><STRONG><a name="[56]"></a>OTG_HS_WKUP_IRQHandler</STRONG> (Thumb, 0 bytes, Stack size 0 bytes, startup_stm32f407xx_mdk.o(.text))
<BR>[Address Reference Count : 1]<UL><LI> startup_stm32f407xx_mdk.o(RESET)
</UL>
<P><STRONG><a name="[b]"></a>PVD_IRQHandler</STRONG> (Thumb, 0 bytes, Stack size 0 bytes, startup_stm32f407xx_mdk.o(.text))
<BR>[Address Reference Count : 1]<UL><LI> startup_stm32f407xx_mdk.o(RESET)
</UL>
<P><STRONG><a name="[f]"></a>RCC_IRQHandler</STRONG> (Thumb, 0 bytes, Stack size 0 bytes, startup_stm32f407xx_mdk.o(.text))
<BR>[Address Reference Count : 1]<UL><LI> startup_stm32f407xx_mdk.o(RESET)
</UL>
<P><STRONG><a name="[33]"></a>RTC_Alarm_IRQHandler</STRONG> (Thumb, 0 bytes, Stack size 0 bytes, startup_stm32f407xx_mdk.o(.text))
<BR>[Address Reference Count : 1]<UL><LI> startup_stm32f407xx_mdk.o(RESET)
</UL>
<P><STRONG><a name="[d]"></a>RTC_WKUP_IRQHandler</STRONG> (Thumb, 0 bytes, Stack size 0 bytes, startup_stm32f407xx_mdk.o(.text))
<BR>[Address Reference Count : 1]<UL><LI> startup_stm32f407xx_mdk.o(RESET)
</UL>
<P><STRONG><a name="[3b]"></a>SDIO_IRQHandler</STRONG> (Thumb, 0 bytes, Stack size 0 bytes, startup_stm32f407xx_mdk.o(.text))
<BR>[Address Reference Count : 1]<UL><LI> startup_stm32f407xx_mdk.o(RESET)
</UL>
<P><STRONG><a name="[2d]"></a>SPI1_IRQHandler</STRONG> (Thumb, 0 bytes, Stack size 0 bytes, startup_stm32f407xx_mdk.o(.text))
<BR>[Address Reference Count : 1]<UL><LI> startup_stm32f407xx_mdk.o(RESET)
</UL>
<P><STRONG><a name="[2e]"></a>SPI2_IRQHandler</STRONG> (Thumb, 0 bytes, Stack size 0 bytes, startup_stm32f407xx_mdk.o(.text))
<BR>[Address Reference Count : 1]<UL><LI> startup_stm32f407xx_mdk.o(RESET)
</UL>
<P><STRONG><a name="[3d]"></a>SPI3_IRQHandler</STRONG> (Thumb, 0 bytes, Stack size 0 bytes, startup_stm32f407xx_mdk.o(.text))
<BR>[Address Reference Count : 1]<UL><LI> startup_stm32f407xx_mdk.o(RESET)
</UL>
<P><STRONG><a name="[c]"></a>TAMP_STAMP_IRQHandler</STRONG> (Thumb, 0 bytes, Stack size 0 bytes, startup_stm32f407xx_mdk.o(.text))
<BR>[Address Reference Count : 1]<UL><LI> startup_stm32f407xx_mdk.o(RESET)
</UL>
<P><STRONG><a name="[22]"></a>TIM1_BRK_TIM9_IRQHandler</STRONG> (Thumb, 0 bytes, Stack size 0 bytes, startup_stm32f407xx_mdk.o(.text))
<BR>[Address Reference Count : 1]<UL><LI> startup_stm32f407xx_mdk.o(RESET)
</UL>
<P><STRONG><a name="[25]"></a>TIM1_CC_IRQHandler</STRONG> (Thumb, 0 bytes, Stack size 0 bytes, startup_stm32f407xx_mdk.o(.text))
<BR>[Address Reference Count : 1]<UL><LI> startup_stm32f407xx_mdk.o(RESET)
</UL>
<P><STRONG><a name="[24]"></a>TIM1_TRG_COM_TIM11_IRQHandler</STRONG> (Thumb, 0 bytes, Stack size 0 bytes, startup_stm32f407xx_mdk.o(.text))
<BR>[Address Reference Count : 1]<UL><LI> startup_stm32f407xx_mdk.o(RESET)
</UL>
<P><STRONG><a name="[23]"></a>TIM1_UP_TIM10_IRQHandler</STRONG> (Thumb, 0 bytes, Stack size 0 bytes, startup_stm32f407xx_mdk.o(.text))
<BR>[Address Reference Count : 1]<UL><LI> startup_stm32f407xx_mdk.o(RESET)
</UL>
<P><STRONG><a name="[26]"></a>TIM2_IRQHandler</STRONG> (Thumb, 0 bytes, Stack size 0 bytes, startup_stm32f407xx_mdk.o(.text))
<BR>[Address Reference Count : 1]<UL><LI> startup_stm32f407xx_mdk.o(RESET)
</UL>
<P><STRONG><a name="[27]"></a>TIM3_IRQHandler</STRONG> (Thumb, 0 bytes, Stack size 0 bytes, startup_stm32f407xx_mdk.o(.text))
<BR>[Address Reference Count : 1]<UL><LI> startup_stm32f407xx_mdk.o(RESET)
</UL>
<P><STRONG><a name="[28]"></a>TIM4_IRQHandler</STRONG> (Thumb, 0 bytes, Stack size 0 bytes, startup_stm32f407xx_mdk.o(.text))
<BR>[Address Reference Count : 1]<UL><LI> startup_stm32f407xx_mdk.o(RESET)
</UL>
<P><STRONG><a name="[3c]"></a>TIM5_IRQHandler</STRONG> (Thumb, 0 bytes, Stack size 0 bytes, startup_stm32f407xx_mdk.o(.text))
<BR>[Address Reference Count : 1]<UL><LI> startup_stm32f407xx_mdk.o(RESET)
</UL>
<P><STRONG><a name="[40]"></a>TIM6_DAC_IRQHandler</STRONG> (Thumb, 0 bytes, Stack size 0 bytes, startup_stm32f407xx_mdk.o(.text))
<BR>[Address Reference Count : 1]<UL><LI> startup_stm32f407xx_mdk.o(RESET)
</UL>
<P><STRONG><a name="[41]"></a>TIM7_IRQHandler</STRONG> (Thumb, 0 bytes, Stack size 0 bytes, startup_stm32f407xx_mdk.o(.text))
<BR>[Address Reference Count : 1]<UL><LI> startup_stm32f407xx_mdk.o(RESET)
</UL>
<P><STRONG><a name="[35]"></a>TIM8_BRK_TIM12_IRQHandler</STRONG> (Thumb, 0 bytes, Stack size 0 bytes, startup_stm32f407xx_mdk.o(.text))
<BR>[Address Reference Count : 1]<UL><LI> startup_stm32f407xx_mdk.o(RESET)
</UL>
<P><STRONG><a name="[38]"></a>TIM8_CC_IRQHandler</STRONG> (Thumb, 0 bytes, Stack size 0 bytes, startup_stm32f407xx_mdk.o(.text))
<BR>[Address Reference Count : 1]<UL><LI> startup_stm32f407xx_mdk.o(RESET)
</UL>
<P><STRONG><a name="[37]"></a>TIM8_TRG_COM_TIM14_IRQHandler</STRONG> (Thumb, 0 bytes, Stack size 0 bytes, startup_stm32f407xx_mdk.o(.text))
<BR>[Address Reference Count : 1]<UL><LI> startup_stm32f407xx_mdk.o(RESET)
</UL>
<P><STRONG><a name="[36]"></a>TIM8_UP_TIM13_IRQHandler</STRONG> (Thumb, 0 bytes, Stack size 0 bytes, startup_stm32f407xx_mdk.o(.text))
<BR>[Address Reference Count : 1]<UL><LI> startup_stm32f407xx_mdk.o(RESET)
</UL>
<P><STRONG><a name="[3e]"></a>UART4_IRQHandler</STRONG> (Thumb, 0 bytes, Stack size 0 bytes, startup_stm32f407xx_mdk.o(.text))
<BR>[Address Reference Count : 1]<UL><LI> startup_stm32f407xx_mdk.o(RESET)
</UL>
<P><STRONG><a name="[3f]"></a>UART5_IRQHandler</STRONG> (Thumb, 0 bytes, Stack size 0 bytes, startup_stm32f407xx_mdk.o(.text))
<BR>[Address Reference Count : 1]<UL><LI> startup_stm32f407xx_mdk.o(RESET)
</UL>
<P><STRONG><a name="[31]"></a>USART3_IRQHandler</STRONG> (Thumb, 0 bytes, Stack size 0 bytes, startup_stm32f407xx_mdk.o(.text))
<BR>[Address Reference Count : 1]<UL><LI> startup_stm32f407xx_mdk.o(RESET)
</UL>
<P><STRONG><a name="[51]"></a>USART6_IRQHandler</STRONG> (Thumb, 0 bytes, Stack size 0 bytes, startup_stm32f407xx_mdk.o(.text))
<BR>[Address Reference Count : 1]<UL><LI> startup_stm32f407xx_mdk.o(RESET)
</UL>
<P><STRONG><a name="[a]"></a>WWDG_IRQHandler</STRONG> (Thumb, 0 bytes, Stack size 0 bytes, startup_stm32f407xx_mdk.o(.text))
<BR>[Address Reference Count : 1]<UL><LI> startup_stm32f407xx_mdk.o(RESET)
</UL>
<P><STRONG><a name="[d9]"></a>__user_initial_stackheap</STRONG> (Thumb, 0 bytes, Stack size unknown bytes, startup_stm32f407xx_mdk.o(.text))
<BR><BR>[Called By]<UL><LI><a href="#[a3]">&gt;&gt;</a>&nbsp;&nbsp;&nbsp;__user_setup_stackheap
</UL>

<P><STRONG><a name="[e8]"></a>__aeabi_uldivmod</STRONG> (Thumb, 0 bytes, Stack size 48 bytes, lludivv7m.o(.text))
<BR><BR>[Stack]<UL><LI>Max Depth = 48<LI>Call Chain = __aeabi_uldivmod
</UL>
<BR>[Called By]<UL><LI><a href="#[e7]">&gt;&gt;</a>&nbsp;&nbsp;&nbsp;HAL_RCC_GetSysClockFreq
<LI><a href="#[102]">&gt;&gt;</a>&nbsp;&nbsp;&nbsp;UART_SetConfig
</UL>

<P><STRONG><a name="[1cb]"></a>_ll_udiv</STRONG> (Thumb, 240 bytes, Stack size 48 bytes, lludivv7m.o(.text), UNUSED)

<P><STRONG><a name="[ad]"></a>vsnprintf</STRONG> (Thumb, 48 bytes, Stack size 24 bytes, vsnprintf.o(.text))
<BR><BR>[Stack]<UL><LI>Max Depth = 128 + Unknown Stack Size
<LI>Call Chain = vsnprintf &rArr; _printf_char_common &rArr; __printf
</UL>
<BR>[Calls]<UL><LI><a href="#[af]">&gt;&gt;</a>&nbsp;&nbsp;&nbsp;_sputc
<LI><a href="#[ae]">&gt;&gt;</a>&nbsp;&nbsp;&nbsp;_printf_char_common
</UL>
<BR>[Called By]<UL><LI><a href="#[193]">&gt;&gt;</a>&nbsp;&nbsp;&nbsp;uart_print
<LI><a href="#[6f]">&gt;&gt;</a>&nbsp;&nbsp;&nbsp;llcc68_interface_debug_print
</UL>

<P><STRONG><a name="[b0]"></a>__2snprintf</STRONG> (Thumb, 50 bytes, Stack size 40 bytes, __2snprintf.o(.text))
<BR><BR>[Stack]<UL><LI>Max Depth = 144 + Unknown Stack Size
<LI>Call Chain = __2snprintf &rArr; _printf_char_common &rArr; __printf
</UL>
<BR>[Calls]<UL><LI><a href="#[af]">&gt;&gt;</a>&nbsp;&nbsp;&nbsp;_sputc
<LI><a href="#[ae]">&gt;&gt;</a>&nbsp;&nbsp;&nbsp;_printf_char_common
</UL>
<BR>[Called By]<UL><LI><a href="#[72]">&gt;&gt;</a>&nbsp;&nbsp;&nbsp;llcc68
</UL>

<P><STRONG><a name="[b1]"></a>_printf_str</STRONG> (Thumb, 82 bytes, Stack size 16 bytes, _printf_str.o(.text))
<BR><BR>[Stack]<UL><LI>Max Depth = 32<LI>Call Chain = _printf_str &rArr; _printf_post_padding
</UL>
<BR>[Calls]<UL><LI><a href="#[b3]">&gt;&gt;</a>&nbsp;&nbsp;&nbsp;_printf_post_padding
<LI><a href="#[b2]">&gt;&gt;</a>&nbsp;&nbsp;&nbsp;_printf_pre_padding
</UL>
<BR>[Called By]<UL><LI><a href="#[c4]">&gt;&gt;</a>&nbsp;&nbsp;&nbsp;_printf_cs_common
</UL>

<P><STRONG><a name="[b4]"></a>__printf</STRONG> (Thumb, 388 bytes, Stack size 40 bytes, __printf_flags_ss_wp.o(.text))
<BR><BR>[Stack]<UL><LI>Max Depth = 40 + Unknown Stack Size
<LI>Call Chain = __printf
</UL>
<BR>[Calls]<UL><LI><a href="#[b6]">&gt;&gt;</a>&nbsp;&nbsp;&nbsp;_printf_percent
<LI><a href="#[b5]">&gt;&gt;</a>&nbsp;&nbsp;&nbsp;_is_digit
</UL>
<BR>[Called By]<UL><LI><a href="#[ae]">&gt;&gt;</a>&nbsp;&nbsp;&nbsp;_printf_char_common
</UL>

<P><STRONG><a name="[b7]"></a>atol</STRONG> (Thumb, 26 bytes, Stack size 16 bytes, atol.o(.text))
<BR><BR>[Stack]<UL><LI>Max Depth = 88<LI>Call Chain = atol &rArr; strtol &rArr; _strtoul
</UL>
<BR>[Calls]<UL><LI><a href="#[b9]">&gt;&gt;</a>&nbsp;&nbsp;&nbsp;strtol
<LI><a href="#[b8]">&gt;&gt;</a>&nbsp;&nbsp;&nbsp;__aeabi_errno_addr
</UL>
<BR>[Called By]<UL><LI><a href="#[72]">&gt;&gt;</a>&nbsp;&nbsp;&nbsp;llcc68
</UL>

<P><STRONG><a name="[ba]"></a>srand</STRONG> (Thumb, 42 bytes, Stack size 8 bytes, rand.o(.text))
<BR><BR>[Stack]<UL><LI>Max Depth = 8<LI>Call Chain = srand
</UL>
<BR>[Called By]<UL><LI><a href="#[9c]">&gt;&gt;</a>&nbsp;&nbsp;&nbsp;_rand_init
</UL>

<P><STRONG><a name="[9c]"></a>_rand_init</STRONG> (Thumb, 4 bytes, Stack size 0 bytes, rand.o(.text))
<BR><BR>[Stack]<UL><LI>Max Depth = 8<LI>Call Chain = _rand_init &rArr; srand
</UL>
<BR>[Calls]<UL><LI><a href="#[ba]">&gt;&gt;</a>&nbsp;&nbsp;&nbsp;srand
</UL>
<BR>[Called By]<UL><LI><a href="#[9b]">&gt;&gt;</a>&nbsp;&nbsp;&nbsp;__rt_lib_init_rand_2
</UL>

<P><STRONG><a name="[11f]"></a>memcmp</STRONG> (Thumb, 88 bytes, Stack size 8 bytes, memcmp.o(.text))
<BR><BR>[Stack]<UL><LI>Max Depth = 8<LI>Call Chain = memcmp
</UL>
<BR>[Called By]<UL><LI><a href="#[120]">&gt;&gt;</a>&nbsp;&nbsp;&nbsp;llcc68_register_test
<LI><a href="#[72]">&gt;&gt;</a>&nbsp;&nbsp;&nbsp;llcc68
</UL>

<P><STRONG><a name="[12c]"></a>strlen</STRONG> (Thumb, 62 bytes, Stack size 8 bytes, strlen.o(.text))
<BR><BR>[Stack]<UL><LI>Max Depth = 8<LI>Call Chain = strlen
</UL>
<BR>[Called By]<UL><LI><a href="#[193]">&gt;&gt;</a>&nbsp;&nbsp;&nbsp;uart_print
<LI><a href="#[6f]">&gt;&gt;</a>&nbsp;&nbsp;&nbsp;llcc68_interface_debug_print
<LI><a href="#[72]">&gt;&gt;</a>&nbsp;&nbsp;&nbsp;llcc68
</UL>

<P><STRONG><a name="[10f]"></a>strncmp</STRONG> (Thumb, 150 bytes, Stack size 16 bytes, strncmp.o(.text))
<BR><BR>[Stack]<UL><LI>Max Depth = 16<LI>Call Chain = strncmp
</UL>
<BR>[Called By]<UL><LI><a href="#[10d]">&gt;&gt;</a>&nbsp;&nbsp;&nbsp;_getopt_internal
</UL>

<P><STRONG><a name="[169]"></a>__aeabi_memcpy</STRONG> (Thumb, 0 bytes, Stack size 0 bytes, rt_memcpy_v6.o(.text))
<BR><BR>[Called By]<UL><LI><a href="#[194]">&gt;&gt;</a>&nbsp;&nbsp;&nbsp;uart_read
<LI><a href="#[16a]">&gt;&gt;</a>&nbsp;&nbsp;&nbsp;llcc68_lora_transmit
<LI><a href="#[149]">&gt;&gt;</a>&nbsp;&nbsp;&nbsp;llcc68_irq_handler
<LI><a href="#[175]">&gt;&gt;</a>&nbsp;&nbsp;&nbsp;llcc68_write_register
<LI><a href="#[176]">&gt;&gt;</a>&nbsp;&nbsp;&nbsp;llcc68_write_buffer
<LI><a href="#[173]">&gt;&gt;</a>&nbsp;&nbsp;&nbsp;llcc68_read_register
<LI><a href="#[172]">&gt;&gt;</a>&nbsp;&nbsp;&nbsp;llcc68_read_buffer
</UL>

<P><STRONG><a name="[bb]"></a>__rt_memcpy</STRONG> (Thumb, 138 bytes, Stack size 0 bytes, rt_memcpy_v6.o(.text), UNUSED)
<BR><BR>[Calls]<UL><LI><a href="#[bc]">&gt;&gt;</a>&nbsp;&nbsp;&nbsp;__aeabi_memcpy4
</UL>

<P><STRONG><a name="[1cc]"></a>_memcpy_lastbytes</STRONG> (Thumb, 0 bytes, Stack size unknown bytes, rt_memcpy_v6.o(.text), UNUSED)

<P><STRONG><a name="[bc]"></a>__aeabi_memcpy4</STRONG> (Thumb, 0 bytes, Stack size 8 bytes, rt_memcpy_w.o(.text))
<BR><BR>[Stack]<UL><LI>Max Depth = 8<LI>Call Chain = __aeabi_memcpy4
</UL>
<BR>[Called By]<UL><LI><a href="#[72]">&gt;&gt;</a>&nbsp;&nbsp;&nbsp;llcc68
<LI><a href="#[bb]">&gt;&gt;</a>&nbsp;&nbsp;&nbsp;__rt_memcpy
</UL>

<P><STRONG><a name="[1cd]"></a>__aeabi_memcpy8</STRONG> (Thumb, 0 bytes, Stack size 8 bytes, rt_memcpy_w.o(.text), UNUSED)

<P><STRONG><a name="[1ce]"></a>__rt_memcpy_w</STRONG> (Thumb, 100 bytes, Stack size 8 bytes, rt_memcpy_w.o(.text), UNUSED)

<P><STRONG><a name="[1cf]"></a>_memcpy_lastbytes_aligned</STRONG> (Thumb, 0 bytes, Stack size unknown bytes, rt_memcpy_w.o(.text), UNUSED)

<P><STRONG><a name="[c0]"></a>__aeabi_memclr</STRONG> (Thumb, 0 bytes, Stack size 0 bytes, rt_memclr.o(.text))
<BR><BR>[Called By]<UL><LI><a href="#[16d]">&gt;&gt;</a>&nbsp;&nbsp;&nbsp;llcc68_set_sleep
<LI><a href="#[146]">&gt;&gt;</a>&nbsp;&nbsp;&nbsp;llcc68_set_cad_params
<LI><a href="#[147]">&gt;&gt;</a>&nbsp;&nbsp;&nbsp;llcc68_lora_cad
<LI><a href="#[137]">&gt;&gt;</a>&nbsp;&nbsp;&nbsp;llcc68_set_tx_params
<LI><a href="#[130]">&gt;&gt;</a>&nbsp;&nbsp;&nbsp;llcc68_set_stop_timer_on_preamble
<LI><a href="#[133]">&gt;&gt;</a>&nbsp;&nbsp;&nbsp;llcc68_set_rx_tx_fallback_mode
<LI><a href="#[13a]">&gt;&gt;</a>&nbsp;&nbsp;&nbsp;llcc68_set_rf_frequency
<LI><a href="#[131]">&gt;&gt;</a>&nbsp;&nbsp;&nbsp;llcc68_set_regulator_mode
<LI><a href="#[132]">&gt;&gt;</a>&nbsp;&nbsp;&nbsp;llcc68_set_pa_config
<LI><a href="#[13c]">&gt;&gt;</a>&nbsp;&nbsp;&nbsp;llcc68_set_lora_symb_num_timeout
<LI><a href="#[16b]">&gt;&gt;</a>&nbsp;&nbsp;&nbsp;llcc68_set_lora_packet_params
<LI><a href="#[138]">&gt;&gt;</a>&nbsp;&nbsp;&nbsp;llcc68_set_lora_modulation_params
<LI><a href="#[134]">&gt;&gt;</a>&nbsp;&nbsp;&nbsp;llcc68_set_dio_irq_params
<LI><a href="#[13b]">&gt;&gt;</a>&nbsp;&nbsp;&nbsp;llcc68_set_buffer_base_address
<LI><a href="#[13d]">&gt;&gt;</a>&nbsp;&nbsp;&nbsp;llcc68_reset_stats
<LI><a href="#[16a]">&gt;&gt;</a>&nbsp;&nbsp;&nbsp;llcc68_lora_transmit
<LI><a href="#[149]">&gt;&gt;</a>&nbsp;&nbsp;&nbsp;llcc68_irq_handler
<LI><a href="#[14a]">&gt;&gt;</a>&nbsp;&nbsp;&nbsp;llcc68_continuous_receive
<LI><a href="#[135]">&gt;&gt;</a>&nbsp;&nbsp;&nbsp;llcc68_clear_irq_status
<LI><a href="#[13e]">&gt;&gt;</a>&nbsp;&nbsp;&nbsp;llcc68_clear_device_errors
<LI><a href="#[175]">&gt;&gt;</a>&nbsp;&nbsp;&nbsp;llcc68_write_register
<LI><a href="#[176]">&gt;&gt;</a>&nbsp;&nbsp;&nbsp;llcc68_write_buffer
<LI><a href="#[188]">&gt;&gt;</a>&nbsp;&nbsp;&nbsp;llcc68_set_xtb_trim
<LI><a href="#[187]">&gt;&gt;</a>&nbsp;&nbsp;&nbsp;llcc68_set_xta_trim
<LI><a href="#[141]">&gt;&gt;</a>&nbsp;&nbsp;&nbsp;llcc68_set_tx_modulation
<LI><a href="#[145]">&gt;&gt;</a>&nbsp;&nbsp;&nbsp;llcc68_set_tx_clamp_config
<LI><a href="#[12f]">&gt;&gt;</a>&nbsp;&nbsp;&nbsp;llcc68_set_standby
<LI><a href="#[142]">&gt;&gt;</a>&nbsp;&nbsp;&nbsp;llcc68_set_rx_gain
<LI><a href="#[186]">&gt;&gt;</a>&nbsp;&nbsp;&nbsp;llcc68_set_rtc_control
<LI><a href="#[18d]">&gt;&gt;</a>&nbsp;&nbsp;&nbsp;llcc68_set_pull_up_control
<LI><a href="#[18e]">&gt;&gt;</a>&nbsp;&nbsp;&nbsp;llcc68_set_pull_down_control
<LI><a href="#[136]">&gt;&gt;</a>&nbsp;&nbsp;&nbsp;llcc68_set_packet_type
<LI><a href="#[143]">&gt;&gt;</a>&nbsp;&nbsp;&nbsp;llcc68_set_ocp
<LI><a href="#[13f]">&gt;&gt;</a>&nbsp;&nbsp;&nbsp;llcc68_set_lora_sync_word
<LI><a href="#[16c]">&gt;&gt;</a>&nbsp;&nbsp;&nbsp;llcc68_set_iq_polarity
<LI><a href="#[180]">&gt;&gt;</a>&nbsp;&nbsp;&nbsp;llcc68_set_fsk_whitening_initial_value
<LI><a href="#[183]">&gt;&gt;</a>&nbsp;&nbsp;&nbsp;llcc68_set_fsk_sync_word
<LI><a href="#[184]">&gt;&gt;</a>&nbsp;&nbsp;&nbsp;llcc68_set_fsk_node_address
<LI><a href="#[182]">&gt;&gt;</a>&nbsp;&nbsp;&nbsp;llcc68_set_fsk_crc_polynomial_value
<LI><a href="#[181]">&gt;&gt;</a>&nbsp;&nbsp;&nbsp;llcc68_set_fsk_crc_initical_value
<LI><a href="#[185]">&gt;&gt;</a>&nbsp;&nbsp;&nbsp;llcc68_set_fsk_broadcast_address
<LI><a href="#[18a]">&gt;&gt;</a>&nbsp;&nbsp;&nbsp;llcc68_set_event_mask
<LI><a href="#[18b]">&gt;&gt;</a>&nbsp;&nbsp;&nbsp;llcc68_set_dio_output_enable
<LI><a href="#[18c]">&gt;&gt;</a>&nbsp;&nbsp;&nbsp;llcc68_set_dio_input_enable
<LI><a href="#[189]">&gt;&gt;</a>&nbsp;&nbsp;&nbsp;llcc68_set_dio3_output_control
<LI><a href="#[173]">&gt;&gt;</a>&nbsp;&nbsp;&nbsp;llcc68_read_register
<LI><a href="#[172]">&gt;&gt;</a>&nbsp;&nbsp;&nbsp;llcc68_read_buffer
<LI><a href="#[12e]">&gt;&gt;</a>&nbsp;&nbsp;&nbsp;llcc68_init
<LI><a href="#[15e]">&gt;&gt;</a>&nbsp;&nbsp;&nbsp;llcc68_get_xtb_trim
<LI><a href="#[15d]">&gt;&gt;</a>&nbsp;&nbsp;&nbsp;llcc68_get_xta_trim
<LI><a href="#[140]">&gt;&gt;</a>&nbsp;&nbsp;&nbsp;llcc68_get_tx_modulation
<LI><a href="#[144]">&gt;&gt;</a>&nbsp;&nbsp;&nbsp;llcc68_get_tx_clamp_config
<LI><a href="#[15c]">&gt;&gt;</a>&nbsp;&nbsp;&nbsp;llcc68_get_rx_gain
<LI><a href="#[15b]">&gt;&gt;</a>&nbsp;&nbsp;&nbsp;llcc68_get_rtc_control
<LI><a href="#[15a]">&gt;&gt;</a>&nbsp;&nbsp;&nbsp;llcc68_get_random_number
<LI><a href="#[159]">&gt;&gt;</a>&nbsp;&nbsp;&nbsp;llcc68_get_pull_up_control
<LI><a href="#[158]">&gt;&gt;</a>&nbsp;&nbsp;&nbsp;llcc68_get_pull_down_control
<LI><a href="#[157]">&gt;&gt;</a>&nbsp;&nbsp;&nbsp;llcc68_get_ocp
<LI><a href="#[156]">&gt;&gt;</a>&nbsp;&nbsp;&nbsp;llcc68_get_lora_sync_word
<LI><a href="#[155]">&gt;&gt;</a>&nbsp;&nbsp;&nbsp;llcc68_get_iq_polarity
<LI><a href="#[154]">&gt;&gt;</a>&nbsp;&nbsp;&nbsp;llcc68_get_fsk_whitening_initial_value
<LI><a href="#[153]">&gt;&gt;</a>&nbsp;&nbsp;&nbsp;llcc68_get_fsk_sync_word
<LI><a href="#[152]">&gt;&gt;</a>&nbsp;&nbsp;&nbsp;llcc68_get_fsk_node_address
<LI><a href="#[151]">&gt;&gt;</a>&nbsp;&nbsp;&nbsp;llcc68_get_fsk_crc_polynomial_value
<LI><a href="#[150]">&gt;&gt;</a>&nbsp;&nbsp;&nbsp;llcc68_get_fsk_crc_initical_value
<LI><a href="#[14f]">&gt;&gt;</a>&nbsp;&nbsp;&nbsp;llcc68_get_fsk_broadcast_address
<LI><a href="#[14e]">&gt;&gt;</a>&nbsp;&nbsp;&nbsp;llcc68_get_event_mask
<LI><a href="#[14d]">&gt;&gt;</a>&nbsp;&nbsp;&nbsp;llcc68_get_dio_output_enable
<LI><a href="#[14c]">&gt;&gt;</a>&nbsp;&nbsp;&nbsp;llcc68_get_dio_input_enable
<LI><a href="#[14b]">&gt;&gt;</a>&nbsp;&nbsp;&nbsp;llcc68_get_dio3_output_control
<LI><a href="#[148]">&gt;&gt;</a>&nbsp;&nbsp;&nbsp;llcc68_deinit
<LI><a href="#[bf]">&gt;&gt;</a>&nbsp;&nbsp;&nbsp;strncpy
</UL>

<P><STRONG><a name="[bd]"></a>__rt_memclr</STRONG> (Thumb, 68 bytes, Stack size 0 bytes, rt_memclr.o(.text), UNUSED)
<BR><BR>[Calls]<UL><LI><a href="#[be]">&gt;&gt;</a>&nbsp;&nbsp;&nbsp;_memset_w
</UL>

<P><STRONG><a name="[1d0]"></a>_memset</STRONG> (Thumb, 0 bytes, Stack size unknown bytes, rt_memclr.o(.text), UNUSED)

<P><STRONG><a name="[11e]"></a>__aeabi_memclr4</STRONG> (Thumb, 0 bytes, Stack size 4 bytes, rt_memclr_w.o(.text))
<BR><BR>[Stack]<UL><LI>Max Depth = 4<LI>Call Chain = __aeabi_memclr4
</UL>
<BR>[Called By]<UL><LI><a href="#[193]">&gt;&gt;</a>&nbsp;&nbsp;&nbsp;uart_print
<LI><a href="#[195]">&gt;&gt;</a>&nbsp;&nbsp;&nbsp;shell_parse
<LI><a href="#[191]">&gt;&gt;</a>&nbsp;&nbsp;&nbsp;shell_init
<LI><a href="#[121]">&gt;&gt;</a>&nbsp;&nbsp;&nbsp;llcc68_sent_test
<LI><a href="#[120]">&gt;&gt;</a>&nbsp;&nbsp;&nbsp;llcc68_register_test
<LI><a href="#[122]">&gt;&gt;</a>&nbsp;&nbsp;&nbsp;llcc68_receive_test
<LI><a href="#[124]">&gt;&gt;</a>&nbsp;&nbsp;&nbsp;llcc68_lora_init
<LI><a href="#[6f]">&gt;&gt;</a>&nbsp;&nbsp;&nbsp;llcc68_interface_debug_print
<LI><a href="#[12a]">&gt;&gt;</a>&nbsp;&nbsp;&nbsp;llcc68_info
<LI><a href="#[123]">&gt;&gt;</a>&nbsp;&nbsp;&nbsp;llcc68_cad_test
<LI><a href="#[72]">&gt;&gt;</a>&nbsp;&nbsp;&nbsp;llcc68
</UL>

<P><STRONG><a name="[1d1]"></a>__aeabi_memclr8</STRONG> (Thumb, 0 bytes, Stack size 4 bytes, rt_memclr_w.o(.text), UNUSED)

<P><STRONG><a name="[1d2]"></a>__rt_memclr_w</STRONG> (Thumb, 78 bytes, Stack size 4 bytes, rt_memclr_w.o(.text), UNUSED)

<P><STRONG><a name="[be]"></a>_memset_w</STRONG> (Thumb, 0 bytes, Stack size unknown bytes, rt_memclr_w.o(.text), UNUSED)
<BR><BR>[Called By]<UL><LI><a href="#[bd]">&gt;&gt;</a>&nbsp;&nbsp;&nbsp;__rt_memclr
</UL>

<P><STRONG><a name="[bf]"></a>strncpy</STRONG> (Thumb, 86 bytes, Stack size 8 bytes, strncpy.o(.text))
<BR><BR>[Stack]<UL><LI>Max Depth = 8<LI>Call Chain = strncpy
</UL>
<BR>[Calls]<UL><LI><a href="#[c0]">&gt;&gt;</a>&nbsp;&nbsp;&nbsp;__aeabi_memclr
</UL>
<BR>[Called By]<UL><LI><a href="#[192]">&gt;&gt;</a>&nbsp;&nbsp;&nbsp;shell_register
<LI><a href="#[12a]">&gt;&gt;</a>&nbsp;&nbsp;&nbsp;llcc68_info
<LI><a href="#[72]">&gt;&gt;</a>&nbsp;&nbsp;&nbsp;llcc68
</UL>

<P><STRONG><a name="[10e]"></a>strcmp</STRONG> (Thumb, 124 bytes, Stack size 8 bytes, strcmpv7em.o(.text))
<BR><BR>[Stack]<UL><LI>Max Depth = 8<LI>Call Chain = strcmp
</UL>
<BR>[Called By]<UL><LI><a href="#[10d]">&gt;&gt;</a>&nbsp;&nbsp;&nbsp;_getopt_internal
<LI><a href="#[195]">&gt;&gt;</a>&nbsp;&nbsp;&nbsp;shell_parse
<LI><a href="#[a1]">&gt;&gt;</a>&nbsp;&nbsp;&nbsp;_get_lc_numeric
<LI><a href="#[5f]">&gt;&gt;</a>&nbsp;&nbsp;&nbsp;_get_lc_ctype
</UL>

<P><STRONG><a name="[1d3]"></a>__use_two_region_memory</STRONG> (Thumb, 2 bytes, Stack size 0 bytes, heapauxi.o(.text), UNUSED)

<P><STRONG><a name="[1d4]"></a>__rt_heap_escrow$2region</STRONG> (Thumb, 2 bytes, Stack size 0 bytes, heapauxi.o(.text), UNUSED)

<P><STRONG><a name="[1d5]"></a>__rt_heap_expand$2region</STRONG> (Thumb, 2 bytes, Stack size 0 bytes, heapauxi.o(.text), UNUSED)

<P><STRONG><a name="[b8]"></a>__aeabi_errno_addr</STRONG> (Thumb, 8 bytes, Stack size 0 bytes, rt_errno_addr_intlibspace.o(.text))
<BR><BR>[Called By]<UL><LI><a href="#[cb]">&gt;&gt;</a>&nbsp;&nbsp;&nbsp;_strtoul
<LI><a href="#[b9]">&gt;&gt;</a>&nbsp;&nbsp;&nbsp;strtol
<LI><a href="#[b7]">&gt;&gt;</a>&nbsp;&nbsp;&nbsp;atol
</UL>

<P><STRONG><a name="[1d6]"></a>__errno$intlibspace</STRONG> (Thumb, 0 bytes, Stack size 0 bytes, rt_errno_addr_intlibspace.o(.text), UNUSED)

<P><STRONG><a name="[1d7]"></a>__rt_errno_addr$intlibspace</STRONG> (Thumb, 0 bytes, Stack size 0 bytes, rt_errno_addr_intlibspace.o(.text), UNUSED)

<P><STRONG><a name="[b2]"></a>_printf_pre_padding</STRONG> (Thumb, 44 bytes, Stack size 16 bytes, _printf_pad.o(.text))
<BR><BR>[Stack]<UL><LI>Max Depth = 16<LI>Call Chain = _printf_pre_padding
</UL>
<BR>[Called By]<UL><LI><a href="#[d3]">&gt;&gt;</a>&nbsp;&nbsp;&nbsp;_printf_fp_infnan
[...]
<BR><BR>[Called By]<UL><LI><a href="#[2f]">&gt;&gt;</a>&nbsp;&nbsp;&nbsp;USART1_IRQHandler
</UL>

<P><STRONG><a name="[190]"></a>uart_init</STRONG> (Thumb, 76 bytes, Stack size 8 bytes, uart.o(.text.uart_init))
<BR><BR>[Stack]<UL><LI>Max Depth = 100<LI>Call Chain = uart_init &rArr; HAL_UART_Init &rArr; HAL_UART_MspInit &rArr; HAL_GPIO_Init
</UL>
<BR>[Calls]<UL><LI><a href="#[198]">&gt;&gt;</a>&nbsp;&nbsp;&nbsp;HAL_UART_Receive_IT
<LI><a href="#[100]">&gt;&gt;</a>&nbsp;&nbsp;&nbsp;HAL_UART_Init
</UL>
<BR>[Called By]<UL><LI><a href="#[a7]">&gt;&gt;</a>&nbsp;&nbsp;&nbsp;main
</UL>

<P><STRONG><a name="[105]"></a>uart_irq_handler</STRONG> (Thumb, 50 bytes, Stack size 0 bytes, uart.o(.text.uart_irq_handler))
<BR><BR>[Calls]<UL><LI><a href="#[198]">&gt;&gt;</a>&nbsp;&nbsp;&nbsp;HAL_UART_Receive_IT
</UL>
<BR>[Called By]<UL><LI><a href="#[104]">&gt;&gt;</a>&nbsp;&nbsp;&nbsp;HAL_UART_RxCpltCallback
</UL>

<P><STRONG><a name="[193]"></a>uart_print</STRONG> (Thumb, 118 bytes, Stack size 296 bytes, uart.o(.text.uart_print))
<BR><BR>[Stack]<UL><LI>Max Depth = 424 + Unknown Stack Size
<LI>Call Chain = uart_print &rArr; vsnprintf &rArr; _printf_char_common &rArr; __printf
</UL>
<BR>[Calls]<UL><LI><a href="#[199]">&gt;&gt;</a>&nbsp;&nbsp;&nbsp;HAL_UART_Transmit_IT
<LI><a href="#[de]">&gt;&gt;</a>&nbsp;&nbsp;&nbsp;HAL_Delay
<LI><a href="#[11e]">&gt;&gt;</a>&nbsp;&nbsp;&nbsp;__aeabi_memclr4
<LI><a href="#[12c]">&gt;&gt;</a>&nbsp;&nbsp;&nbsp;strlen
<LI><a href="#[ad]">&gt;&gt;</a>&nbsp;&nbsp;&nbsp;vsnprintf
</UL>
<BR>[Called By]<UL><LI><a href="#[a7]">&gt;&gt;</a>&nbsp;&nbsp;&nbsp;main
</UL>

<P><STRONG><a name="[194]"></a>uart_read</STRONG> (Thumb, 64 bytes, Stack size 24 bytes, uart.o(.text.uart_read))
<BR><BR>[Stack]<UL><LI>Max Depth = 40<LI>Call Chain = uart_read &rArr; HAL_Delay
</UL>
<BR>[Calls]<UL><LI><a href="#[de]">&gt;&gt;</a>&nbsp;&nbsp;&nbsp;HAL_Delay
<LI><a href="#[169]">&gt;&gt;</a>&nbsp;&nbsp;&nbsp;__aeabi_memcpy
</UL>
<BR>[Called By]<UL><LI><a href="#[a7]">&gt;&gt;</a>&nbsp;&nbsp;&nbsp;main
</UL>

<P><STRONG><a name="[107]"></a>uart_set_tx_done</STRONG> (Thumb, 14 bytes, Stack size 0 bytes, uart.o(.text.uart_set_tx_done))
<BR><BR>[Called By]<UL><LI><a href="#[fc]">&gt;&gt;</a>&nbsp;&nbsp;&nbsp;HAL_UART_TxCpltCallback
</UL>

<P><STRONG><a name="[162]"></a>uart_write</STRONG> (Thumb, 76 bytes, Stack size 16 bytes, uart.o(.text.uart_write))
<BR><BR>[Stack]<UL><LI>Max Depth = 32<LI>Call Chain = uart_write &rArr; HAL_Delay
</UL>
<BR>[Calls]<UL><LI><a href="#[199]">&gt;&gt;</a>&nbsp;&nbsp;&nbsp;HAL_UART_Transmit_IT
<LI><a href="#[de]">&gt;&gt;</a>&nbsp;&nbsp;&nbsp;HAL_Delay
</UL>
<BR>[Called By]<UL><LI><a href="#[6f]">&gt;&gt;</a>&nbsp;&nbsp;&nbsp;llcc68_interface_debug_print
</UL>

<P><STRONG><a name="[163]"></a>wire_clock_deinit</STRONG> (Thumb, 18 bytes, Stack size 8 bytes, wire.o(.text.wire_clock_deinit))
<BR><BR>[Stack]<UL><LI>Max Depth = 52<LI>Call Chain = wire_clock_deinit &rArr; HAL_GPIO_DeInit
</UL>
<BR>[Calls]<UL><LI><a href="#[f0]">&gt;&gt;</a>&nbsp;&nbsp;&nbsp;HAL_GPIO_DeInit
</UL>
<BR>[Called By]<UL><LI><a href="#[67]">&gt;&gt;</a>&nbsp;&nbsp;&nbsp;llcc68_interface_reset_gpio_deinit
</UL>

<P><STRONG><a name="[164]"></a>wire_clock_init</STRONG> (Thumb, 64 bytes, Stack size 32 bytes, wire.o(.text.wire_clock_init))
<BR><BR>[Stack]<UL><LI>Max Depth = 76<LI>Call Chain = wire_clock_init &rArr; HAL_GPIO_Init
</UL>
<BR>[Calls]<UL><LI><a href="#[f1]">&gt;&gt;</a>&nbsp;&nbsp;&nbsp;HAL_GPIO_Init
</UL>
<BR>[Called By]<UL><LI><a href="#[66]">&gt;&gt;</a>&nbsp;&nbsp;&nbsp;llcc68_interface_reset_gpio_init
</UL>

<P><STRONG><a name="[165]"></a>wire_clock_write</STRONG> (Thumb, 30 bytes, Stack size 8 bytes, wire.o(.text.wire_clock_write))
<BR><BR>[Stack]<UL><LI>Max Depth = 8<LI>Call Chain = wire_clock_write
</UL>
<BR>[Calls]<UL><LI><a href="#[197]">&gt;&gt;</a>&nbsp;&nbsp;&nbsp;HAL_GPIO_WritePin
</UL>
<BR>[Called By]<UL><LI><a href="#[68]">&gt;&gt;</a>&nbsp;&nbsp;&nbsp;llcc68_interface_reset_gpio_write
</UL>

<P><STRONG><a name="[15f]"></a>wire_deinit</STRONG> (Thumb, 20 bytes, Stack size 8 bytes, wire.o(.text.wire_deinit))
<BR><BR>[Stack]<UL><LI>Max Depth = 52<LI>Call Chain = wire_deinit &rArr; HAL_GPIO_DeInit
</UL>
<BR>[Calls]<UL><LI><a href="#[f0]">&gt;&gt;</a>&nbsp;&nbsp;&nbsp;HAL_GPIO_DeInit
</UL>
<BR>[Called By]<UL><LI><a href="#[6c]">&gt;&gt;</a>&nbsp;&nbsp;&nbsp;llcc68_interface_busy_gpio_deinit
</UL>

<P><STRONG><a name="[160]"></a>wire_init</STRONG> (Thumb, 108 bytes, Stack size 40 bytes, wire.o(.text.wire_init))
<BR><BR>[Stack]<UL><LI>Max Depth = 84<LI>Call Chain = wire_init &rArr; HAL_GPIO_Init
</UL>
<BR>[Calls]<UL><LI><a href="#[f1]">&gt;&gt;</a>&nbsp;&nbsp;&nbsp;HAL_GPIO_Init
</UL>
<BR>[Called By]<UL><LI><a href="#[6b]">&gt;&gt;</a>&nbsp;&nbsp;&nbsp;llcc68_interface_busy_gpio_init
</UL>

<P><STRONG><a name="[161]"></a>wire_read</STRONG> (Thumb, 36 bytes, Stack size 0 bytes, wire.o(.text.wire_read))
<BR><BR>[Called By]<UL><LI><a href="#[6d]">&gt;&gt;</a>&nbsp;&nbsp;&nbsp;llcc68_interface_busy_gpio_read
</UL>

<P><STRONG><a name="[ce]"></a>_btod_d2e</STRONG> (Thumb, 62 bytes, Stack size 0 bytes, btod.o(CL$$btod_d2e))
<BR><BR>[Calls]<UL><LI><a href="#[19a]">&gt;&gt;</a>&nbsp;&nbsp;&nbsp;_d2e_norm_op1
</UL>
<BR>[Called By]<UL><LI><a href="#[cc]">&gt;&gt;</a>&nbsp;&nbsp;&nbsp;_fp_digits
</UL>

<P><STRONG><a name="[19b]"></a>_d2e_denorm_low</STRONG> (Thumb, 70 bytes, Stack size 0 bytes, btod.o(CL$$btod_d2e_denorm_low))
<BR><BR>[Called By]<UL><LI><a href="#[19a]">&gt;&gt;</a>&nbsp;&nbsp;&nbsp;_d2e_norm_op1
</UL>

<P><STRONG><a name="[19a]"></a>_d2e_norm_op1</STRONG> (Thumb, 96 bytes, Stack size 0 bytes, btod.o(CL$$btod_d2e_norm_op1))
<BR><BR>[Calls]<UL><LI><a href="#[19b]">&gt;&gt;</a>&nbsp;&nbsp;&nbsp;_d2e_denorm_low
</UL>
<BR>[Called By]<UL><LI><a href="#[ce]">&gt;&gt;</a>&nbsp;&nbsp;&nbsp;_btod_d2e
</UL>

<P><STRONG><a name="[19c]"></a>__btod_div_common</STRONG> (Thumb, 696 bytes, Stack size 24 bytes, btod.o(CL$$btod_div_common))
<BR><BR>[Stack]<UL><LI>Max Depth = 24<LI>Call Chain = __btod_div_common
</UL>
<BR>[Called By]<UL><LI><a href="#[cf]">&gt;&gt;</a>&nbsp;&nbsp;&nbsp;_btod_ediv
</UL>

<P><STRONG><a name="[19d]"></a>_e2e</STRONG> (Thumb, 220 bytes, Stack size 24 bytes, btod.o(CL$$btod_e2e))
<BR><BR>[Stack]<UL><LI>Max Depth = 24<LI>Call Chain = _e2e
</UL>
<BR>[Called By]<UL><LI><a href="#[d0]">&gt;&gt;</a>&nbsp;&nbsp;&nbsp;_btod_emul
<LI><a href="#[cf]">&gt;&gt;</a>&nbsp;&nbsp;&nbsp;_btod_ediv
</UL>

<P><STRONG><a name="[cf]"></a>_btod_ediv</STRONG> (Thumb, 42 bytes, Stack size 28 bytes, btod.o(CL$$btod_ediv))
<BR><BR>[Stack]<UL><LI>Max Depth = 52<LI>Call Chain = _btod_ediv &rArr; _e2e
</UL>
<BR>[Calls]<UL><LI><a href="#[19d]">&gt;&gt;</a>&nbsp;&nbsp;&nbsp;_e2e
<LI><a href="#[19c]">&gt;&gt;</a>&nbsp;&nbsp;&nbsp;__btod_div_common
</UL>
<BR>[Called By]<UL><LI><a href="#[cd]">&gt;&gt;</a>&nbsp;&nbsp;&nbsp;_btod_etento
<LI><a href="#[cc]">&gt;&gt;</a>&nbsp;&nbsp;&nbsp;_fp_digits
</UL>

<P><STRONG><a name="[d0]"></a>_btod_emul</STRONG> (Thumb, 42 bytes, Stack size 28 bytes, btod.o(CL$$btod_emul))
<BR><BR>[Stack]<UL><LI>Max Depth = 52<LI>Call Chain = _btod_emul &rArr; _e2e
</UL>
<BR>[Calls]<UL><LI><a href="#[19e]">&gt;&gt;</a>&nbsp;&nbsp;&nbsp;__btod_mult_common
<LI><a href="#[19d]">&gt;&gt;</a>&nbsp;&nbsp;&nbsp;_e2e
</UL>
<BR>[Called By]<UL><LI><a href="#[cd]">&gt;&gt;</a>&nbsp;&nbsp;&nbsp;_btod_etento
<LI><a href="#[cc]">&gt;&gt;</a>&nbsp;&nbsp;&nbsp;_fp_digits
</UL>

<P><STRONG><a name="[19e]"></a>__btod_mult_common</STRONG> (Thumb, 580 bytes, Stack size 16 bytes, btod.o(CL$$btod_mult_common))
<BR><BR>[Stack]<UL><LI>Max Depth = 16<LI>Call Chain = __btod_mult_common
</UL>
<BR>[Called By]<UL><LI><a href="#[d0]">&gt;&gt;</a>&nbsp;&nbsp;&nbsp;_btod_emul
</UL>

<P><STRONG><a name="[d2]"></a>__ARM_fpclassify</STRONG> (Thumb, 48 bytes, Stack size 8 bytes, fpclassify.o(i.__ARM_fpclassify))
<BR><BR>[Stack]<UL><LI>Max Depth = 8<LI>Call Chain = __ARM_fpclassify
</UL>
<BR>[Called By]<UL><LI><a href="#[d4]">&gt;&gt;</a>&nbsp;&nbsp;&nbsp;_printf_fp_hex_real
<LI><a href="#[d1]">&gt;&gt;</a>&nbsp;&nbsp;&nbsp;_printf_fp_dec_real
</UL>

<P><STRONG><a name="[b5]"></a>_is_digit</STRONG> (Thumb, 14 bytes, Stack size 0 bytes, __printf_wp.o(i._is_digit))
<BR><BR>[Called By]<UL><LI><a href="#[b4]">&gt;&gt;</a>&nbsp;&nbsp;&nbsp;__printf
</UL>

<P><STRONG><a name="[5f]"></a>_get_lc_ctype</STRONG> (Thumb, 44 bytes, Stack size 8 bytes, lc_ctype_c.o(locale$$code))
<BR><BR>[Stack]<UL><LI>Max Depth = 16<LI>Call Chain = _get_lc_ctype &rArr; strcmp
</UL>
<BR>[Calls]<UL><LI><a href="#[10e]">&gt;&gt;</a>&nbsp;&nbsp;&nbsp;strcmp
</UL>
<BR>[Called By]<UL><LI><a href="#[9f]">&gt;&gt;</a>&nbsp;&nbsp;&nbsp;__rt_lib_init_lc_ctype_2
</UL>
<BR>[Address Reference Count : 1]<UL><LI> rt_ctype_table.o(.text)
</UL>
<P><STRONG><a name="[a1]"></a>_get_lc_numeric</STRONG> (Thumb, 44 bytes, Stack size 8 bytes, lc_numeric_c.o(locale$$code))
<BR><BR>[Stack]<UL><LI>Max Depth = 16<LI>Call Chain = _get_lc_numeric &rArr; strcmp
</UL>
<BR>[Calls]<UL><LI><a href="#[10e]">&gt;&gt;</a>&nbsp;&nbsp;&nbsp;strcmp
</UL>
<BR>[Called By]<UL><LI><a href="#[a0]">&gt;&gt;</a>&nbsp;&nbsp;&nbsp;__rt_lib_init_lc_numeric_2
</UL>

<P><STRONG><a name="[16f]"></a>__aeabi_ddiv</STRONG> (Thumb, 0 bytes, Stack size 32 bytes, ddiv.o(x$fpl$ddiv))
<BR><BR>[Stack]<UL><LI>Max Depth = 32<LI>Call Chain = __aeabi_ddiv
</UL>
<BR>[Called By]<UL><LI><a href="#[120]">&gt;&gt;</a>&nbsp;&nbsp;&nbsp;llcc68_register_test
<LI><a href="#[16a]">&gt;&gt;</a>&nbsp;&nbsp;&nbsp;llcc68_lora_transmit
<LI><a href="#[178]">&gt;&gt;</a>&nbsp;&nbsp;&nbsp;llcc68_timeout_convert_to_register
</UL>

<P><STRONG><a name="[19f]"></a>_ddiv</STRONG> (Thumb, 552 bytes, Stack size 32 bytes, ddiv.o(x$fpl$ddiv), UNUSED)
<BR><BR>[Calls]<UL><LI><a href="#[1a0]">&gt;&gt;</a>&nbsp;&nbsp;&nbsp;__fpl_dretinf
<LI><a href="#[1a1]">&gt;&gt;</a>&nbsp;&nbsp;&nbsp;__fpl_dnaninf
</UL>

<P><STRONG><a name="[170]"></a>__aeabi_d2uiz</STRONG> (Thumb, 0 bytes, Stack size 32 bytes, dfixu.o(x$fpl$dfixu))
<BR><BR>[Stack]<UL><LI>Max Depth = 32<LI>Call Chain = __aeabi_d2uiz
</UL>
<BR>[Called By]<UL><LI><a href="#[16a]">&gt;&gt;</a>&nbsp;&nbsp;&nbsp;llcc68_lora_transmit
<LI><a href="#[178]">&gt;&gt;</a>&nbsp;&nbsp;&nbsp;llcc68_timeout_convert_to_register
</UL>

<P><STRONG><a name="[1a2]"></a>_dfixu</STRONG> (Thumb, 90 bytes, Stack size 32 bytes, dfixu.o(x$fpl$dfixu), UNUSED)
<BR><BR>[Calls]<UL><LI><a href="#[1a1]">&gt;&gt;</a>&nbsp;&nbsp;&nbsp;__fpl_dnaninf
</UL>

<P><STRONG><a name="[177]"></a>__aeabi_i2d</STRONG> (Thumb, 0 bytes, Stack size 0 bytes, dflt_clz.o(x$fpl$dflt))
<BR><BR>[Called By]<UL><LI><a href="#[120]">&gt;&gt;</a>&nbsp;&nbsp;&nbsp;llcc68_register_test
</UL>

<P><STRONG><a name="[1dd]"></a>_dflt</STRONG> (Thumb, 46 bytes, Stack size 0 bytes, dflt_clz.o(x$fpl$dflt), UNUSED)

<P><STRONG><a name="[16e]"></a>__aeabi_ui2d</STRONG> (Thumb, 0 bytes, Stack size 0 bytes, dflt_clz.o(x$fpl$dfltu))
<BR><BR>[Called By]<UL><LI><a href="#[16a]">&gt;&gt;</a>&nbsp;&nbsp;&nbsp;llcc68_lora_transmit
<LI><a href="#[179]">&gt;&gt;</a>&nbsp;&nbsp;&nbsp;llcc68_timeout_convert_to_data
</UL>

<P><STRONG><a name="[1de]"></a>_dfltu</STRONG> (Thumb, 38 bytes, Stack size 0 bytes, dflt_clz.o(x$fpl$dfltu), UNUSED)

<P><STRONG><a name="[18f]"></a>__aeabi_dmul</STRONG> (Thumb, 0 bytes, Stack size 32 bytes, dmul.o(x$fpl$dmul))
<BR><BR>[Stack]<UL><LI>Max Depth = 32<LI>Call Chain = __aeabi_dmul
</UL>
<BR>[Called By]<UL><LI><a href="#[179]">&gt;&gt;</a>&nbsp;&nbsp;&nbsp;llcc68_timeout_convert_to_data
</UL>

<P><STRONG><a name="[1a3]"></a>_dmul</STRONG> (Thumb, 332 bytes, Stack size 32 bytes, dmul.o(x$fpl$dmul), UNUSED)
<BR><BR>[Calls]<UL><LI><a href="#[1a0]">&gt;&gt;</a>&nbsp;&nbsp;&nbsp;__fpl_dretinf
<LI><a href="#[1a1]">&gt;&gt;</a>&nbsp;&nbsp;&nbsp;__fpl_dnaninf
</UL>

<P><STRONG><a name="[1a1]"></a>__fpl_dnaninf</STRONG> (Thumb, 156 bytes, Stack size 16 bytes, dnaninf.o(x$fpl$dnaninf), UNUSED)
<BR><BR>[Called By]<UL><LI><a href="#[1a3]">&gt;&gt;</a>&nbsp;&nbsp;&nbsp;_dmul
<LI><a href="#[1a2]">&gt;&gt;</a>&nbsp;&nbsp;&nbsp;_dfixu
<LI><a href="#[19f]">&gt;&gt;</a>&nbsp;&nbsp;&nbsp;_ddiv
</UL>

<P><STRONG><a name="[1a0]"></a>__fpl_dretinf</STRONG> (Thumb, 12 bytes, Stack size 0 bytes, dretinf.o(x$fpl$dretinf), UNUSED)
<BR><BR>[Called By]<UL><LI><a href="#[1a4]">&gt;&gt;</a>&nbsp;&nbsp;&nbsp;_f2d
<LI><a href="#[1a3]">&gt;&gt;</a>&nbsp;&nbsp;&nbsp;_dmul
<LI><a href="#[19f]">&gt;&gt;</a>&nbsp;&nbsp;&nbsp;_ddiv
</UL>

<P><STRONG><a name="[111]"></a>__aeabi_f2d</STRONG> (Thumb, 0 bytes, Stack size 16 bytes, f2d.o(x$fpl$f2d))
<BR><BR>[Stack]<UL><LI>Max Depth = 16<LI>Call Chain = __aeabi_f2d
</UL>
<BR>[Called By]<UL><LI><a href="#[120]">&gt;&gt;</a>&nbsp;&nbsp;&nbsp;llcc68_register_test
<LI><a href="#[72]">&gt;&gt;</a>&nbsp;&nbsp;&nbsp;llcc68
<LI><a href="#[64]">&gt;&gt;</a>&nbsp;&nbsp;&nbsp;a_callback
<LI><a href="#[71]">&gt;&gt;</a>&nbsp;&nbsp;&nbsp;a_callback
</UL>

<P><STRONG><a name="[1a4]"></a>_f2d</STRONG> (Thumb, 86 bytes, Stack size 16 bytes, f2d.o(x$fpl$f2d), UNUSED)
<BR><BR>[Calls]<UL><LI><a href="#[1a5]">&gt;&gt;</a>&nbsp;&nbsp;&nbsp;__fpl_fnaninf
<LI><a href="#[1a0]">&gt;&gt;</a>&nbsp;&nbsp;&nbsp;__fpl_dretinf
</UL>

<P><STRONG><a name="[1a5]"></a>__fpl_fnaninf</STRONG> (Thumb, 140 bytes, Stack size 8 bytes, fnaninf.o(x$fpl$fnaninf), UNUSED)
<BR><BR>[Called By]<UL><LI><a href="#[1a4]">&gt;&gt;</a>&nbsp;&nbsp;&nbsp;_f2d
</UL>

<P><STRONG><a name="[9a]"></a>_fp_init</STRONG> (Thumb, 26 bytes, Stack size 0 bytes, fpinit.o(x$fpl$fpinit))
<BR><BR>[Called By]<UL><LI><a href="#[99]">&gt;&gt;</a>&nbsp;&nbsp;&nbsp;__rt_lib_init_fp_1
</UL>

<P><STRONG><a name="[1df]"></a>__fplib_config_fpu_vfp</STRONG> (Thumb, 0 bytes, Stack size unknown bytes, fpinit.o(x$fpl$fpinit), UNUSED)

<P><STRONG><a name="[1e0]"></a>__fplib_config_pureend_doubles</STRONG> (Thumb, 0 bytes, Stack size unknown bytes, fpinit.o(x$fpl$fpinit), UNUSED)

<P><STRONG><a name="[7c]"></a>_printf_fp_dec</STRONG> (Thumb, 4 bytes, Stack size 0 bytes, printf1.o(x$fpl$printf1))
<BR><BR>[Stack]<UL><LI>Max Depth = 324<LI>Call Chain = _printf_fp_dec &rArr; _printf_fp_dec_real &rArr; _fp_digits &rArr; _btod_etento &rArr; _btod_emul &rArr; _e2e
</UL>
<BR>[Calls]<UL><LI><a href="#[d1]">&gt;&gt;</a>&nbsp;&nbsp;&nbsp;_printf_fp_dec_real
</UL>
<BR>[Called By]<UL><LI><a href="#[7e]">&gt;&gt;</a>&nbsp;&nbsp;&nbsp;_printf_g
<LI><a href="#[7d]">&gt;&gt;</a>&nbsp;&nbsp;&nbsp;_printf_e
<LI><a href="#[7b]">&gt;&gt;</a>&nbsp;&nbsp;&nbsp;_printf_f
</UL>

<P><STRONG><a name="[80]"></a>_printf_fp_hex</STRONG> (Thumb, 4 bytes, Stack size 0 bytes, printf2.o(x$fpl$printf2))
<BR><BR>[Stack]<UL><LI>Max Depth = 112<LI>Call Chain = _printf_fp_hex &rArr; _printf_fp_hex_real &rArr; _printf_fp_infnan &rArr; _printf_post_padding
</UL>
<BR>[Calls]<UL><LI><a href="#[d4]">&gt;&gt;</a>&nbsp;&nbsp;&nbsp;_printf_fp_hex_real
</UL>
<BR>[Called By]<UL><LI><a href="#[7f]">&gt;&gt;</a>&nbsp;&nbsp;&nbsp;_printf_a
</UL>
<P>
<H3>
Local Symbols
</H3>
<P><STRONG><a name="[64]"></a>a_callback</STRONG> (Thumb, 532 bytes, Stack size 32 bytes, main.o(.text.a_callback))
<BR><BR>[Stack]<UL><LI>Max Depth = 448 + Unknown Stack Size
<LI>Call Chain = a_callback &rArr; llcc68_interface_debug_print &rArr; vsnprintf &rArr; _printf_char_common &rArr; __printf
</UL>
<BR>[Calls]<UL><LI><a href="#[110]">&gt;&gt;</a>&nbsp;&nbsp;&nbsp;llcc68_lora_get_status
<LI><a href="#[112]">&gt;&gt;</a>&nbsp;&nbsp;&nbsp;llcc68_lora_check_packet_error
<LI><a href="#[6f]">&gt;&gt;</a>&nbsp;&nbsp;&nbsp;llcc68_interface_debug_print
<LI><a href="#[111]">&gt;&gt;</a>&nbsp;&nbsp;&nbsp;__aeabi_f2d
</UL>
<BR>[Address Reference Count : 1]<UL><LI> main.o(.text.llcc68)
</UL>
<P><STRONG><a name="[71]"></a>a_callback</STRONG> (Thumb, 568 bytes, Stack size 48 bytes, driver_llcc68_sent_receive_test.o(.text.a_callback))
<BR><BR>[Stack]<UL><LI>Max Depth = 464 + Unknown Stack Size
<LI>Call Chain = a_callback &rArr; llcc68_interface_debug_print &rArr; vsnprintf &rArr; _printf_char_common &rArr; __printf
</UL>
<BR>[Calls]<UL><LI><a href="#[6f]">&gt;&gt;</a>&nbsp;&nbsp;&nbsp;llcc68_interface_debug_print
<LI><a href="#[113]">&gt;&gt;</a>&nbsp;&nbsp;&nbsp;llcc68_get_lora_packet_status
<LI><a href="#[114]">&gt;&gt;</a>&nbsp;&nbsp;&nbsp;llcc68_check_packet_error
<LI><a href="#[111]">&gt;&gt;</a>&nbsp;&nbsp;&nbsp;__aeabi_f2d
</UL>
<BR>[Address Reference Count : 1]<UL><LI> driver_llcc68_sent_receive_test.o(.text.llcc68_receive_test)
</UL>
<P><STRONG><a name="[f5]"></a>SPI_EndRxTransaction</STRONG> (Thumb, 130 bytes, Stack size 24 bytes, stm32f4xx_hal_spi.o(.text.SPI_EndRxTransaction))
<BR><BR>[Stack]<UL><LI>Max Depth = 56<LI>Call Chain = SPI_EndRxTransaction &rArr; SPI_WaitFlagStateUntilTimeout
</UL>
<BR>[Calls]<UL><LI><a href="#[f4]">&gt;&gt;</a>&nbsp;&nbsp;&nbsp;SPI_WaitFlagStateUntilTimeout
</UL>
<BR>[Called By]<UL><LI><a href="#[f2]">&gt;&gt;</a>&nbsp;&nbsp;&nbsp;HAL_SPI_Receive
</UL>

<P><STRONG><a name="[f4]"></a>SPI_WaitFlagStateUntilTimeout</STRONG> (Thumb, 288 bytes, Stack size 32 bytes, stm32f4xx_hal_spi.o(.text.SPI_WaitFlagStateUntilTimeout))
<BR><BR>[Stack]<UL><LI>Max Depth = 32<LI>Call Chain = SPI_WaitFlagStateUntilTimeout
</UL>
<BR>[Calls]<UL><LI><a href="#[dd]">&gt;&gt;</a>&nbsp;&nbsp;&nbsp;HAL_GetTick
</UL>
<BR>[Called By]<UL><LI><a href="#[f3]">&gt;&gt;</a>&nbsp;&nbsp;&nbsp;HAL_SPI_TransmitReceive
<LI><a href="#[f6]">&gt;&gt;</a>&nbsp;&nbsp;&nbsp;HAL_SPI_Transmit
<LI><a href="#[f2]">&gt;&gt;</a>&nbsp;&nbsp;&nbsp;HAL_SPI_Receive
<LI><a href="#[f5]">&gt;&gt;</a>&nbsp;&nbsp;&nbsp;SPI_EndRxTransaction
</UL>

<P><STRONG><a name="[60]"></a>UART_DMAAbortOnError</STRONG> (Thumb, 12 bytes, Stack size 0 bytes, stm32f4xx_hal_uart.o(.text.UART_DMAAbortOnError))
<BR><BR>[Stack]<UL><LI>Max Depth = 4<LI>Call Chain = UART_DMAAbortOnError &rArr; HAL_UART_ErrorCallback
</UL>
<BR>[Calls]<UL><LI><a href="#[fe]">&gt;&gt;</a>&nbsp;&nbsp;&nbsp;HAL_UART_ErrorCallback
</UL>
<BR>[Address Reference Count : 1]<UL><LI> stm32f4xx_hal_uart.o(.text.HAL_UART_IRQHandler)
</UL>
<P><STRONG><a name="[fb]"></a>UART_Receive_IT</STRONG> (Thumb, 250 bytes, Stack size 4 bytes, stm32f4xx_hal_uart.o(.text.UART_Receive_IT))
<BR><BR>[Stack]<UL><LI>Max Depth = 20<LI>Call Chain = UART_Receive_IT &rArr; HAL_UART_RxCpltCallback
</UL>
<BR>[Calls]<UL><LI><a href="#[104]">&gt;&gt;</a>&nbsp;&nbsp;&nbsp;HAL_UART_RxCpltCallback
<LI><a href="#[fd]">&gt;&gt;</a>&nbsp;&nbsp;&nbsp;HAL_UARTEx_RxEventCallback
</UL>
<BR>[Called By]<UL><LI><a href="#[fa]">&gt;&gt;</a>&nbsp;&nbsp;&nbsp;HAL_UART_IRQHandler
</UL>

<P><STRONG><a name="[102]"></a>UART_SetConfig</STRONG> (Thumb, 226 bytes, Stack size 8 bytes, stm32f4xx_hal_uart.o(.text.UART_SetConfig))
<BR><BR>[Stack]<UL><LI>Max Depth = 56<LI>Call Chain = UART_SetConfig &rArr; __aeabi_uldivmod
</UL>
<BR>[Calls]<UL><LI><a href="#[10a]">&gt;&gt;</a>&nbsp;&nbsp;&nbsp;HAL_RCC_GetPCLK1Freq
<LI><a href="#[109]">&gt;&gt;</a>&nbsp;&nbsp;&nbsp;HAL_RCC_GetPCLK2Freq
<LI><a href="#[e8]">&gt;&gt;</a>&nbsp;&nbsp;&nbsp;__aeabi_uldivmod
</UL>
<BR>[Called By]<UL><LI><a href="#[100]">&gt;&gt;</a>&nbsp;&nbsp;&nbsp;HAL_UART_Init
</UL>

<P><STRONG><a name="[5e]"></a>_printf_input_char</STRONG> (Thumb, 10 bytes, Stack size 0 bytes, _printf_char_common.o(.text))
<BR>[Address Reference Count : 1]<UL><LI> _printf_char_common.o(.text)
</UL>
<P><STRONG><a name="[cc]"></a>_fp_digits</STRONG> (Thumb, 432 bytes, Stack size 96 bytes, _printf_fp_dec.o(.text))
<BR><BR>[Stack]<UL><LI>Max Depth = 220<LI>Call Chain = _fp_digits &rArr; _btod_etento &rArr; _btod_emul &rArr; _e2e
</UL>
<BR>[Calls]<UL><LI><a href="#[d0]">&gt;&gt;</a>&nbsp;&nbsp;&nbsp;_btod_emul
<LI><a href="#[cf]">&gt;&gt;</a>&nbsp;&nbsp;&nbsp;_btod_ediv
<LI><a href="#[ce]">&gt;&gt;</a>&nbsp;&nbsp;&nbsp;_btod_d2e
<LI><a href="#[cd]">&gt;&gt;</a>&nbsp;&nbsp;&nbsp;_btod_etento
<LI><a href="#[c7]">&gt;&gt;</a>&nbsp;&nbsp;&nbsp;_ll_udiv10
</UL>
<BR>[Called By]<UL><LI><a href="#[d1]">&gt;&gt;</a>&nbsp;&nbsp;&nbsp;_printf_fp_dec_real
</UL>
<P>
<H3>
Undefined Global Symbols
</H3><HR></body></html>
